Component: ARM Compiler 5.06 update 6 (build 750) Tool: armlink [4d35ed]

==============================================================================

Section Cross References

    main.o(i.AD_reset) refers to main.o(i.nrf_gpio_pin_set) for nrf_gpio_pin_set
    main.o(i.AD_reset) refers to main.o(i.nrf_gpio_pin_clear) for nrf_gpio_pin_clear
    main.o(i.AD_reset) refers to main.o(i.Delay) for Delay
    main.o(i.Delay) refers to main.o(.constdata) for .constdata
    main.o(i.ReadFromReg) refers to main.o(i.nrf_gpio_pin_set) for nrf_gpio_pin_set
    main.o(i.ReadFromReg) refers to main.o(i.nrf_gpio_pin_clear) for nrf_gpio_pin_clear
    main.o(i.ReadFromReg) refers to main.o(i.Delay) for Delay
    main.o(i.WriteToReg) refers to main.o(i.nrf_gpio_pin_clear) for nrf_gpio_pin_clear
    main.o(i.WriteToReg) refers to main.o(i.nrf_gpio_pin_set) for nrf_gpio_pin_set
    main.o(i.WriteToReg) refers to main.o(i.Delay) for Delay
    main.o(i.advertising_init) refers to memseta.o(.text) for __aeabi_memclr4
    main.o(i.advertising_init) refers to ble_advertising.o(i.ble_advertising_init) for ble_advertising_init
    main.o(i.advertising_init) refers to app_error_handler_keil.o(.emb_text) for app_error_handler
    main.o(i.advertising_init) refers to ble_advertising.o(i.ble_advertising_conn_cfg_tag_set) for ble_advertising_conn_cfg_tag_set
    main.o(i.advertising_init) refers to main.o(.data) for .data
    main.o(i.advertising_init) refers to main.o(i.on_adv_evt) for on_adv_evt
    main.o(i.advertising_init) refers to main.o(.bss) for .bss
    main.o(i.advertising_init) refers to main.o(i.main) for i.main
    main.o(i.assert_nrf_callback) refers to app_error_handler_keil.o(.emb_text) for app_error_handler
    main.o(i.ble_evt_handler) refers to app_error_handler_keil.o(.emb_text) for app_error_handler
    main.o(i.ble_evt_handler) refers to nrf_log_frontend.o(i.nrf_log_frontend_std_0) for nrf_log_frontend_std_0
    main.o(i.ble_evt_handler) refers to bsp.o(i.bsp_indication_set) for bsp_indication_set
    main.o(i.ble_evt_handler) refers to nrf_ble_qwr.o(i.nrf_ble_qwr_conn_handle_assign) for nrf_ble_qwr_conn_handle_assign
    main.o(i.ble_evt_handler) refers to main.o(.data) for .data
    main.o(i.ble_evt_handler) refers to nrf_log_frontend.o(log_const_data) for m_nrf_log_app_logs_data_const
    main.o(i.ble_evt_handler) refers to main.o(.bss) for .bss
    main.o(i.ble_stack_init) refers to nrf_sdh.o(i.nrf_sdh_enable_request) for nrf_sdh_enable_request
    main.o(i.ble_stack_init) refers to app_error_handler_keil.o(.emb_text) for app_error_handler
    main.o(i.ble_stack_init) refers to nrf_sdh_ble.o(i.nrf_sdh_ble_default_cfg_set) for nrf_sdh_ble_default_cfg_set
    main.o(i.ble_stack_init) refers to nrf_sdh_ble.o(i.nrf_sdh_ble_enable) for nrf_sdh_ble_enable
    main.o(i.ble_stack_init) refers to main.o(i.main) for i.main
    main.o(i.bsp_event_handler) refers to main.o(i.sleep_mode_enter) for sleep_mode_enter
    main.o(i.bsp_event_handler) refers to ble_advertising.o(i.ble_advertising_restart_without_whitelist) for ble_advertising_restart_without_whitelist
    main.o(i.bsp_event_handler) refers to app_error_handler_keil.o(.emb_text) for app_error_handler
    main.o(i.bsp_event_handler) refers to main.o(.data) for .data
    main.o(i.bsp_event_handler) refers to main.o(.bss) for .bss
    main.o(i.conn_params_error_handler) refers to app_error_handler_keil.o(.emb_text) for app_error_handler
    main.o(i.gap_params_init) refers to app_error_handler_keil.o(.emb_text) for app_error_handler
    main.o(i.gap_params_init) refers to main.o(i.main) for i.main
    main.o(i.gatt_evt_handler) refers to nrf_log_frontend.o(i.nrf_log_frontend_std_2) for nrf_log_frontend_std_2
    main.o(i.gatt_evt_handler) refers to main.o(.data) for .data
    main.o(i.gatt_evt_handler) refers to nrf_log_frontend.o(log_const_data) for m_nrf_log_app_logs_data_const
    main.o(i.gatt_init) refers to nrf_ble_gatt.o(i.nrf_ble_gatt_init) for nrf_ble_gatt_init
    main.o(i.gatt_init) refers to app_error_handler_keil.o(.emb_text) for app_error_handler
    main.o(i.gatt_init) refers to nrf_ble_gatt.o(i.nrf_ble_gatt_att_mtu_periph_set) for nrf_ble_gatt_att_mtu_periph_set
    main.o(i.gatt_init) refers to main.o(i.gatt_evt_handler) for gatt_evt_handler
    main.o(i.gatt_init) refers to main.o(.bss) for .bss
    main.o(i.main) refers to main.o(i.setup) for setup
    main.o(i.main) refers to memcpya.o(.text) for __aeabi_memcpy4
    main.o(i.main) refers to app_uart_fifo.o(i.app_uart_init) for app_uart_init
    main.o(i.main) refers to app_error_handler_keil.o(.emb_text) for app_error_handler
    main.o(i.main) refers to nrf_log_frontend.o(i.nrf_log_init) for nrf_log_init
    main.o(i.main) refers to nrf_log_default_backends.o(i.nrf_log_default_backends_init) for nrf_log_default_backends_init
    main.o(i.main) refers to app_timer.o(i.app_timer_init) for app_timer_init
    main.o(i.main) refers to nrf_pwr_mgmt.o(i.nrf_pwr_mgmt_init) for nrf_pwr_mgmt_init
[...]
    m_host_present                           0x20002b4c   Data           1  nrf_log_backend_rtt.o(.data)
    .data                                    0x20002b50   Section        8  nrf_log_default_backends.o(.data)
    log_backend_cb_rtt_log_backend           0x20002b50   Data           8  nrf_log_default_backends.o(.data)
    .data                                    0x20002b58   Section        8  nrf_log_frontend.o(.data)
    log_mempool_nrf_balloc_pool_stack        0x20002b58   Data           8  nrf_log_frontend.o(.data)
    .data                                    0x20002b60   Section        8  nrf_log_frontend.o(.data)
    log_mempool_nrf_balloc_cb                0x20002b60   Data           8  nrf_log_frontend.o(.data)
    .data                                    0x20002b68   Section       64  nrf_log_str_formatter.o(.data)
    m_freq                                   0x20002b68   Data           4  nrf_log_str_formatter.o(.data)
    m_timestamp_div                          0x20002b6c   Data           4  nrf_log_str_formatter.o(.data)
    severity_names                           0x20002b70   Data          20  nrf_log_str_formatter.o(.data)
    m_colors                                 0x20002b84   Data          36  nrf_log_str_formatter.o(.data)
    .data                                    0x20002ba8   Section        3  nrf_sdh.o(.data)
    m_nrf_sdh_enabled                        0x20002ba8   Data           1  nrf_sdh.o(.data)
    m_nrf_sdh_suspended                      0x20002ba9   Data           1  nrf_sdh.o(.data)
    m_nrf_sdh_continue                       0x20002baa   Data           1  nrf_sdh.o(.data)
    .data                                    0x20002bab   Section        1  nrf_sdh_ble.o(.data)
    m_stack_is_enabled                       0x20002bab   Data           1  nrf_sdh_ble.o(.data)
    .data                                    0x20002bac   Section        4  system_nrf52.o(.data)
    __tagsym$$used                           0x20002bac   Number         0  system_nrf52.o(.data)
    .bss                                     0x20002bb0   Section     1388  main.o(.bss)
    data_array                               0x20002bb0   Data         244  main.o(.bss)
    rx_buf                                   0x20002ca4   Data         256  main.o(.bss)
    tx_buf                                   0x20002da4   Data         256  main.o(.bss)
    m_gatt                                   0x20002ea4   Data          20  main.o(.bss)
    m_qwr                                    0x20002eb8   Data          12  main.o(.bss)
    m_advertising                            0x20002ec4   Data         600  main.o(.bss)
    .bss                                     0x2000311c   Section       32  bsp.o(.bss)
    m_bsp_leds_tmr_data                      0x2000311c   Data          32  bsp.o(.bss)
    .bss                                     0x2000313c   Section       32  bsp.o(.bss)
    m_bsp_alert_tmr_data                     0x2000313c   Data          32  bsp.o(.bss)
    .bss                                     0x2000315c   Section       12  bsp.o(.bss)
    m_events_list                            0x2000315c   Data          12  bsp.o(.bss)
    .bss                                     0x20003168   Section       32  bsp.o(.bss)
    m_bsp_button_tmr_data                    0x20003168   Data          32  bsp.o(.bss)
    .bss                                     0x20003188   Section       80  ble_conn_params.o(.bss)
    m_timer_data                             0x20003188   Data          32  ble_conn_params.o(.bss)
    m_conn_params_instances                  0x200031a8   Data          20  ble_conn_params.o(.bss)
    m_conn_params_config                     0x200031bc   Data          28  ble_conn_params.o(.bss)
    .bss                                     0x200031d8   Section      120  ble_conn_state.o(.bss)
    m_bcs                                    0x200031d8   Data         120  ble_conn_state.o(.bss)
    .bss                                     0x20003250   Section       20  nrf_drv_clock.o(.bss)
    m_clock_cb                               0x20003250   Data          20  nrf_drv_clock.o(.bss)
    .bss                                     0x20003264   Section       92  nrfx_gpiote.o(.bss)
    m_cb                                     0x20003264   Data          92  nrfx_gpiote.o(.bss)
    .bss                                     0x200032c0   Section       44  nrfx_uart.o(.bss)
    m_cb                                     0x200032c0   Data          44  nrfx_uart.o(.bss)
    .bss                                     0x200032ec   Section       36  nrfx_uarte.o(.bss)
    m_cb                                     0x200032ec   Data          36  nrfx_uarte.o(.bss)
    .bss                                     0x20003310   Section       12  nrfx_timer.o(.bss)
    m_cb                                     0x20003310   Data          12  nrfx_timer.o(.bss)
    .bss                                     0x2000331c   Section       32  app_error.o(.bss)
    m_error_data                             0x2000331c   Data          32  app_error.o(.bss)
    .bss                                     0x2000333c   Section      268  app_timer.o(.bss)
    m_op_queue                               0x2000333c   Data         268  app_timer.o(.bss)
    .bss                                     0x20003448   Section       32  app_uart_fifo.o(.bss)
    m_rx_fifo                                0x20003448   Data          16  app_uart_fifo.o(.bss)
    m_tx_fifo                                0x20003458   Data          16  app_uart_fifo.o(.bss)
    .bss                                     0x20003468   Section       12  app_util_platform.o(.bss)
    .bss                                     0x20003474   Section       12  nrf_pwr_mgmt.o(.bss)
    m_handlers_iter                          0x20003474   Data          12  nrf_pwr_mgmt.o(.bss)
    .bss                                     0x20003480   Section       64  nrf_log_backend_rtt.o(.bss)
    m_string_buff                            0x20003480   Data          64  nrf_log_backend_rtt.o(.bss)
    .bss                                     0x200034c0   Section      192  nrf_log_frontend.o(.bss)
    log_mempool_nrf_balloc_pool_mem          0x200034c0   Data         192  nrf_log_frontend.o(.bss)
    .bss                                     0x20003580   Section      128  nrf_log_frontend.o(.bss)
    m_log_push_ringbuf_buf                   0x20003580   Data         128  nrf_log_frontend.o(.bss)
    .bss                                     0x20003600   Section       24  nrf_log_frontend.o(.bss)
    m_log_push_ringbuf_cb                    0x20003600   Data          24  nrf_log_frontend.o(.bss)
    .bss                                     0x20003618   Section     1060  nrf_log_frontend.o(.bss)
    m_log_data                               0x20003618   Data        1060  nrf_log_frontend.o(.bss)
    .bss                                     0x20003a3c   Section      648  segger_rtt.o(.bss)
    _acUpBuffer                              0x20003ab4   Data         512  segger_rtt.o(.bss)
    _acDownBuffer                            0x20003cb4   Data          16  segger_rtt.o(.bss)
    STACK                                    0x20003cc8   Section     8192  arm_startup_nrf52.o(STACK)

    Global Symbols

    Symbol Name                              Value     Ov Type        Size  Object(Section)

    BuildAttributes$$THM_ISAv4$E$P$D$K$B$S$7EM$VFPi3$EXTD16$VFPS$VFMA$PE$A:L22UL41UL21$X:L11$S22US41US21$IEEE1$IW$USESV6$~STKCKD$USESV7$~SHL$OSPACE$ROPI$EBA8$MICROLIB$REQ8$EABIv2 0x00000000   Number         0  anon$$obj.o ABSOLUTE
    __ARM_use_no_argv                        0x00000000   Number         0  main.o ABSOLUTE
    __cpp_initialize__aeabi_                  - Undefined Weak Reference
    __cxa_finalize                            - Undefined Weak Reference
    __decompress                              - Undefined Weak Reference
    _clock_init                               - Undefined Weak Reference
    _microlib_exit                            - Undefined Weak Reference
    log_dynamic_data$$Base                    - Undefined Reference
    pwr_mgmt_data0$$Base                      - Undefined Reference
    pwr_mgmt_data0$$Limit                     - Undefined Reference
    pwr_mgmt_data1$$Base                      - Undefined Reference
    pwr_mgmt_data1$$Limit                     - Undefined Reference
    pwr_mgmt_data2$$Base                      - Undefined Reference
    pwr_mgmt_data2$$Limit                     - Undefined Reference
    sdh_req_observers0$$Base                  - Undefined Reference
    sdh_req_observers0$$Limit                 - Undefined Reference
    sdh_req_observers1$$Base                  - Undefined Reference
    sdh_req_observers1$$Limit                 - Undefined Reference
    sdh_stack_observers1$$Base                - Undefined Reference
    sdh_stack_observers1$$Limit               - Undefined Reference
    sdh_state_observers1$$Base                - Undefined Reference
    sdh_state_observers1$$Limit               - Undefined Reference
    __Vectors_Size                           0x00000200   Number         0  arm_startup_nrf52.o ABSOLUTE
    __Vectors                                0x00026000   Data           4  arm_startup_nrf52.o(RESET)
    __Vectors_End                            0x00026200   Data           0  arm_startup_nrf52.o(RESET)
    __main                                   0x00026201   Thumb Code     0  entry.o(.ARM.Collect$$$$00000000)
    _main_stk                                0x00026201   Thumb Code     0  entry2.o(.ARM.Collect$$$$00000001)
    _main_scatterload                        0x00026205   Thumb Code     0  entry5.o(.ARM.Collect$$$$00000004)
    __main_after_scatterload                 0x00026209   Thumb Code     0  entry5.o(.ARM.Collect$$$$00000004)
    _main_clock                              0x00026209   Thumb Code     0  entry7b.o(.ARM.Collect$$$$00000008)
    _main_cpp_init                           0x00026209   Thumb Code     0  entry8b.o(.ARM.Collect$$$$0000000A)
    _main_init                               0x00026209   Thumb Code     0  entry9a.o(.ARM.Collect$$$$0000000B)
    __rt_final_cpp                           0x00026211   Thumb Code     0  entry10a.o(.ARM.Collect$$$$0000000D)
    __rt_final_exit                          0x00026211   Thumb Code     0  entry11a.o(.ARM.Collect$$$$0000000F)
    app_error_handler                        0x00026215   Thumb Code    26  app_error_handler_keil.o(.emb_text)
    __asm___12_nrf_atomic_c_85ca2469__nrf_atomic_internal_mov 0x00026231   Thumb Code    24  nrf_atomic.o(.emb_text)
    __asm___12_nrf_atomic_c_85ca2469__nrf_atomic_internal_orr 0x00026249   Thumb Code    26  nrf_atomic.o(.emb_text)
    __asm___12_nrf_atomic_c_85ca2469__nrf_atomic_internal_and 0x00026263   Thumb Code    26  nrf_atomic.o(.emb_text)
    __asm___12_nrf_atomic_c_85ca2469__nrf_atomic_internal_eor 0x0002627d   Thumb Code    26  nrf_atomic.o(.emb_text)
    __asm___12_nrf_atomic_c_85ca2469__nrf_atomic_internal_add 0x00026297   Thumb Code    26  nrf_atomic.o(.emb_text)
    __asm___12_nrf_atomic_c_85ca2469__nrf_atomic_internal_sub 0x000262b1   Thumb Code    26  nrf_atomic.o(.emb_text)
    __asm___12_nrf_atomic_c_85ca2469__nrf_atomic_internal_cmp_exch 0x000262cb   Thumb Code    42  nrf_atomic.o(.emb_text)
    __asm___12_nrf_atomic_c_85ca2469__nrf_atomic_internal_sub_hs 0x000262f5   Thumb Code    30  nrf_atomic.o(.emb_text)
    Reset_Handler                            0x00026315   Thumb Code     8  arm_startup_nrf52.o(.text)
    NMI_Handler                              0x0002631d   Thumb Code     2  arm_startup_nrf52.o(.text)
    HardFault_Handler                        0x0002631f   Thumb Code     2  arm_startup_nrf52.o(.text)
    MemoryManagement_Handler                 0x00026321   Thumb Code     2  arm_startup_nrf52.o(.text)
    BusFault_Handler                         0x00026323   Thumb Code     2  arm_startup_nrf52.o(.text)
    UsageFault_Handler                       0x00026325   Thumb Code     2  arm_startup_nrf52.o(.text)
    SVC_Handler                              0x00026327   Thumb Code     2  arm_startup_nrf52.o(.text)
    DebugMon_Handler                         0x00026329   Thumb Code     2  arm_startup_nrf52.o(.text)
    PendSV_Handler                           0x0002632b   Thumb Code     2  arm_startup_nrf52.o(.text)
    SysTick_Handler                          0x0002632d   Thumb Code     2  arm_startup_nrf52.o(.text)
    CCM_AAR_IRQHandler                       0x0002632f   Thumb Code     0  arm_startup_nrf52.o(.text)
    COMP_LPCOMP_IRQHandler                   0x0002632f   Thumb Code     0  arm_startup_nrf52.o(.text)
    ECB_IRQHandler                           0x0002632f   Thumb Code     0  arm_startup_nrf52.o(.text)
    FPU_IRQHandler                           0x0002632f   Thumb Code     0  arm_startup_nrf52.o(.text)
    I2S_IRQHandler                           0x0002632f   Thumb Code     0  arm_startup_nrf52.o(.text)
    MWU_IRQHandler                           0x0002632f   Thumb Code     0  arm_startup_nrf52.o(.text)
    NFCT_IRQHandler                          0x0002632f   Thumb Code     0  arm_startup_nrf52.o(.text)
    PDM_IRQHandler                           0x0002632f   Thumb Code     0  arm_startup_nrf52.o(.text)
    PWM0_IRQHandler                          0x0002632f   Thumb Code     0  arm_startup_nrf52.o(.text)
    PWM1_IRQHandler                          0x0002632f   Thumb Code     0  arm_startup_nrf52.o(.text)
    PWM2_IRQHandler                          0x0002632f   Thumb Code     0  arm_startup_nrf52.o(.text)
    QDEC_IRQHandler                          0x0002632f   Thumb Code     0  arm_startup_nrf52.o(.text)
    RADIO_IRQHandler                         0x0002632f   Thumb Code     0  arm_startup_nrf52.o(.text)
    RNG_IRQHandler                           0x0002632f   Thumb Code     0  arm_startup_nrf52.o(.text)
    RTC0_IRQHandler                          0x0002632f   Thumb Code     0  arm_startup_nrf52.o(.text)
    RTC2_IRQHandler                          0x0002632f   Thumb Code     0  arm_startup_nrf52.o(.text)
    SAADC_IRQHandler                         0x0002632f   Thumb Code     0  arm_startup_nrf52.o(.text)
    SPIM0_SPIS0_TWIM0_TWIS0_SPI0_TWI0_IRQHandler 0x0002632f   Thumb Code     0  arm_startup_nrf52.o(.text)
    SPIM1_SPIS1_TWIM1_TWIS1_SPI1_TWI1_IRQHandler 0x0002632f   Thumb Code     0  arm_startup_nrf52.o(.text)
    SPIM2_SPIS2_SPI2_IRQHandler              0x0002632f   Thumb Code     0  arm_startup_nrf52.o(.text)
    SWI1_EGU1_IRQHandler                     0x0002632f   Thumb Code     0  arm_startup_nrf52.o(.text)
    SWI3_EGU3_IRQHandler                     0x0002632f   Thumb Code     0  arm_startup_nrf52.o(.text)
    SWI4_EGU4_IRQHandler                     0x0002632f   Thumb Code     0  arm_startup_nrf52.o(.text)
    SWI5_EGU5_IRQHandler                     0x0002632f   Thumb Code     0  arm_startup_nrf52.o(.text)
    TEMP_IRQHandler                          0x0002632f   Thumb Code     0  arm_startup_nrf52.o(.text)
    TIMER0_IRQHandler                        0x0002632f   Thumb Code     0  arm_startup_nrf52.o(.text)
    TIMER1_IRQHandler                        0x0002632f   Thumb Code     0  arm_startup_nrf52.o(.text)
    TIMER3_IRQHandler                        0x0002632f   Thumb Code     0  arm_startup_nrf52.o(.text)
    TIMER4_IRQHandler                        0x0002632f   Thumb Code     0  arm_startup_nrf52.o(.text)
    WDT_IRQHandler                           0x0002632f   Thumb Code     0  arm_startup_nrf52.o(.text)
    __aeabi_uldivmod                         0x00026339   Thumb Code    98  uldiv.o(.text)
    __aeabi_llsl                             0x0002639b   Thumb Code    30  llshl.o(.text)
    _ll_shift_l                              0x0002639b   Thumb Code     0  llshl.o(.text)
    __rt_ctype_table                         0x000263b9   Thumb Code     4  ctype_o.o(.text)
    __aeabi_memcpy                           0x000263c1   Thumb Code    36  memcpya.o(.text)
    __aeabi_memcpy4                          0x000263c1   Thumb Code     0  memcpya.o(.text)
    __aeabi_memcpy8                          0x000263c1   Thumb Code     0  memcpya.o(.text)
    __aeabi_memset                           0x000263e5   Thumb Code    14  memseta.o(.text)
    __aeabi_memset4                          0x000263e5   Thumb Code     0  memseta.o(.text)
    __aeabi_memset8                          0x000263e5   Thumb Code     0  memseta.o(.text)
    __aeabi_memclr                           0x000263f3   Thumb Code     4  memseta.o(.text)
    __aeabi_memclr4                          0x000263f3   Thumb Code     0  memseta.o(.text)
    __aeabi_memclr8                          0x000263f3   Thumb Code     0  memseta.o(.text)
    _memset$wrapper                          0x000263f7   Thumb Code    18  memseta.o(.text)
    strlen                                   0x00026409   Thumb Code    14  strlen.o(.text)
    strcpy                                   0x00026417   Thumb Code    18  strcpy.o(.text)
    __aeabi_llsr                             0x00026429   Thumb Code    32  llushr.o(.text)
    _ll_ushift_r                             0x00026429   Thumb Code     0  llushr.o(.text)
    __scatterload                            0x00026449   Thumb Code    28  init.o(.text)
    __scatterload_rt2                        0x00026449   Thumb Code     0  init.o(.text)
    AD_reset                                 0x0002646d   Thumb Code    70  main.o(i.AD_reset)
    Delay                                    0x000264b5   Thumb Code    12  main.o(i.Delay)
    GPIOTE_IRQHandler                        0x000264c5   Thumb Code   346  nrfx_gpiote.o(i.GPIOTE_IRQHandler)
    POWER_CLOCK_IRQHandler                   0x0002668d   Thumb Code    82  nrfx_clock.o(i.POWER_CLOCK_IRQHandler)
    RTC1_IRQHandler                          0x000266e5   Thumb Code    32  app_timer.o(i.RTC1_IRQHandler)
    ReadFromReg                              0x00026709   Thumb Code   126  main.o(i.ReadFromReg)
    SEGGER_RTT_Init                          0x00026787   Thumb Code     4  segger_rtt.o(i.SEGGER_RTT_Init)
    SEGGER_RTT_WriteNoLock                   0x0002678d   Thumb Code    86  segger_rtt.o(i.SEGGER_RTT_WriteNoLock)
    SWI0_EGU0_IRQHandler                     0x000267e9   Thumb Code     4  app_timer.o(i.SWI0_EGU0_IRQHandler)
    SWI2_EGU2_IRQHandler                     0x000267ed   Thumb Code     4  nrf_sdh.o(i.SWI2_EGU2_IRQHandler)
    SystemInit                               0x000267f1   Thumb Code   726  system_nrf52.o(i.SystemInit)
    TIMER2_IRQHandler                        0x00026b0d   Thumb Code    70  nrfx_timer.o(i.TIMER2_IRQHandler)
    UARTE0_UART0_IRQHandler                  0x00026b5d   Thumb Code     6  nrfx_prs.o(i.UARTE0_UART0_IRQHandler)
    WriteToReg                               0x00026b69   Thumb Code    74  main.o(i.WriteToReg)
    __0printf$bare                           0x00026cd1   Thumb Code     8  printfb.o(i.__0printf$bare)
    __1printf$bare                           0x00026cd1   Thumb Code     0  printfb.o(i.__0printf$bare)
    __2printf                                0x00026cd1   Thumb Code     0  printfb.o(i.__0printf$bare)
    __scatterload_copy                       0x00026ce1   Thumb Code    14  handlers.o(i.__scatterload_copy)
    __scatterload_null                       0x00026cef   Thumb Code     2  handlers.o(i.__scatterload_null)
    __scatterload_zeroinit                   0x00026cf1   Thumb Code    14  handlers.o(i.__scatterload_zeroinit)
    app_error_fault_handler                  0x00026de9   Thumb Code   164  app_error_weak.o(i.app_error_fault_handler)
    app_error_save_and_stop                  0x00026f4d   Thumb Code    96  app_error.o(i.app_error_save_and_stop)
    app_fifo_get                             0x00026fb1   Thumb Code    22  app_fifo.o(i.app_fifo_get)
    app_fifo_init                            0x00026fc7   Thumb Code    32  app_fifo.o(i.app_fifo_init)
    app_fifo_put                             0x00026fe7   Thumb Code    26  app_fifo.o(i.app_fifo_put)
    app_timer_create                         0x00027001   Thumb Code    36  app_timer.o(i.app_timer_create)
    app_timer_init                           0x00027029   Thumb Code    70  app_timer.o(i.app_timer_init)
    app_timer_start                          0x0002707d   Thumb Code   128  app_timer.o(i.app_timer_start)
    app_timer_stop                           0x00027105   Thumb Code    26  app_timer.o(i.app_timer_stop)
    app_uart_get                             0x00027125   Thumb Code    46  app_uart_fifo.o(i.app_uart_get)
    app_uart_init                            0x00027199   Thumb Code   148  app_uart_fifo.o(i.app_uart_init)
    app_uart_put                             0x0002723d   Thumb Code    70  app_uart_fifo.o(i.app_uart_put)
    app_util_critical_region_enter           0x00027291   Thumb Code    64  app_util_platform.o(i.app_util_critical_region_enter)
    app_util_critical_region_exit            0x000272d9   Thumb Code    46  app_util_platform.o(i.app_util_critical_region_exit)
    blcm_link_ctx_get                        0x0002741d   Thumb Code    72  ble_link_ctx_manager.o(i.blcm_link_ctx_get)
    ble_advdata_encode                       0x00027465   Thumb Code   386  ble_advdata.o(i.ble_advdata_encode)
    ble_advdata_parse                        0x000275e7   Thumb Code    32  ble_advdata.o(i.ble_advdata_parse)
    ble_advdata_search                       0x00027607   Thumb Code    56  ble_advdata.o(i.ble_advdata_search)
    ble_advertising_conn_cfg_tag_set         0x0002763f   Thumb Code     6  ble_advertising.o(i.ble_advertising_conn_cfg_tag_set)
    ble_advertising_init                     0x00027645   Thumb Code   284  ble_advertising.o(i.ble_advertising_init)
    ble_advertising_on_ble_evt               0x00027761   Thumb Code   106  ble_advertising.o(i.ble_advertising_on_ble_evt)
    ble_advertising_on_sys_evt               0x000277cb   Thumb Code     2  ble_advertising.o(i.ble_advertising_on_sys_evt)
    ble_advertising_start                    0x000277cd   Thumb Code   556  ble_advertising.o(i.ble_advertising_start)
    ble_conn_params_init                     0x000279f9   Thumb Code    90  ble_conn_params.o(i.ble_conn_params_init)
    ble_conn_state_conn_idx                  0x00027a61   Thumb Code    18  ble_conn_state.o(i.ble_conn_state_conn_idx)
    ble_conn_state_valid                     0x00027a75   Thumb Code    16  ble_conn_state.o(i.ble_conn_state_valid)
    ble_lbs_on_dht_change                    0x00027ebd   Thumb Code    72  ble_nus.o(i.ble_lbs_on_dht_change)
    ble_nus_data_send                        0x00027f05   Thumb Code   102  ble_nus.o(i.ble_nus_data_send)
    ble_nus_init                             0x00027f6d   Thumb Code   278  ble_nus.o(i.ble_nus_init)
    ble_nus_on_ble_evt                       0x00028089   Thumb Code   112  ble_nus.o(i.ble_nus_on_ble_evt)
    ble_srv_is_notification_enabled          0x000280f9   Thumb Code     8  ble_srv_common.o(i.ble_srv_is_notification_enabled)
    bsp_board_button_idx_to_pin              0x00028145   Thumb Code     6  boards.o(i.bsp_board_button_idx_to_pin)
    bsp_board_led_invert                     0x00028151   Thumb Code    32  boards.o(i.bsp_board_led_invert)
    bsp_board_led_off                        0x00028175   Thumb Code    10  boards.o(i.bsp_board_led_off)
    bsp_board_led_on                         0x00028185   Thumb Code    10  boards.o(i.bsp_board_led_on)
    bsp_board_led_state_get                  0x00028195   Thumb Code    28  boards.o(i.bsp_board_led_state_get)
    bsp_board_leds_off                       0x000281b5   Thumb Code    18  boards.o(i.bsp_board_leds_off)
    bsp_board_leds_on                        0x000281c7   Thumb Code    18  boards.o(i.bsp_board_leds_on)
    bsp_board_pin_to_button_idx              0x000281d9   Thumb Code    30  boards.o(i.bsp_board_pin_to_button_idx)
    bsp_btn_ble_sleep_mode_prepare           0x000281fd   Thumb Code    30  bsp_btn_ble.o(i.bsp_btn_ble_sleep_mode_prepare)
    bsp_event_to_button_action_assign        0x000282ad   Thumb Code    64  bsp.o(i.bsp_event_to_button_action_assign)
    bsp_indication_set                       0x000282f1   Thumb Code    20  bsp.o(i.bsp_indication_set)
    bsp_wakeup_button_enable                 0x000284d1   Thumb Code     6  bsp.o(i.bsp_wakeup_button_enable)
    buffer_is_empty                          0x00028589   Thumb Code    16  nrf_log_frontend.o(i.buffer_is_empty)
    characteristic_add                       0x000285ad   Thumb Code   400  ble_srv_common.o(i.characteristic_add)
    conn_handle_list_get                     0x0002882d   Thumb Code    62  ble_conn_state.o(i.conn_handle_list_get)
    fputc                                    0x00028ab7   Thumb Code    14  retarget.o(i.fputc)
    gatt_evt_handler                         0x00028b29   Thumb Code    52  main.o(i.gatt_evt_handler)
    gatt_init                                0x00028b85   Thumb Code    50  main.o(i.gatt_init)
    main                                     0x00028f61   Thumb Code   370  main.o(i.main)
    nrf_atflags_clear                        0x00029317   Thumb Code    22  nrf_atflags.o(i.nrf_atflags_clear)
    nrf_atflags_get                          0x0002932d   Thumb Code    22  nrf_atflags.o(i.nrf_atflags_get)
    nrf_atflags_set                          0x00029343   Thumb Code    20  nrf_atflags.o(i.nrf_atflags_set)
    nrf_atomic_flag_clear_fetch              0x00029357   Thumb Code     6  nrf_atomic.o(i.nrf_atomic_flag_clear_fetch)
    nrf_atomic_flag_set                      0x0002935d   Thumb Code     6  nrf_atomic.o(i.nrf_atomic_flag_set)
    nrf_atomic_u32_add                       0x00029363   Thumb Code    12  nrf_atomic.o(i.nrf_atomic_u32_add)
    nrf_atomic_u32_and                       0x0002936f   Thumb Code    12  nrf_atomic.o(i.nrf_atomic_u32_and)
    nrf_atomic_u32_fetch_and                 0x0002937b   Thumb Code    10  nrf_atomic.o(i.nrf_atomic_u32_fetch_and)
    nrf_atomic_u32_fetch_store               0x00029385   Thumb Code    10  nrf_atomic.o(i.nrf_atomic_u32_fetch_store)
    nrf_atomic_u32_or                        0x0002938f   Thumb Code    12  nrf_atomic.o(i.nrf_atomic_u32_or)
    nrf_atomic_u32_sub                       0x0002939b   Thumb Code    12  nrf_atomic.o(i.nrf_atomic_u32_sub)
    nrf_balloc_alloc                         0x000293a7   Thumb Code    68  nrf_balloc.o(i.nrf_balloc_alloc)
    nrf_balloc_free                          0x000293eb   Thumb Code    48  nrf_balloc.o(i.nrf_balloc_free)
    nrf_balloc_init                          0x0002941b   Thumb Code    48  nrf_balloc.o(i.nrf_balloc_init)
    nrf_ble_gatt_att_mtu_periph_set          0x0002946f   Thumb Code    24  nrf_ble_gatt.o(i.nrf_ble_gatt_att_mtu_periph_set)
    nrf_ble_gatt_init                        0x00029487   Thumb Code    34  nrf_ble_gatt.o(i.nrf_ble_gatt_init)
    nrf_ble_gatt_on_ble_evt                  0x000294a9   Thumb Code   270  nrf_ble_gatt.o(i.nrf_ble_gatt_on_ble_evt)
    nrf_ble_qwr_conn_handle_assign           0x000295f9   Thumb Code    22  nrf_ble_qwr.o(i.nrf_ble_qwr_conn_handle_assign)
    nrf_ble_qwr_init                         0x0002960f   Thumb Code    36  nrf_ble_qwr.o(i.nrf_ble_qwr_init)
    nrf_ble_qwr_on_ble_evt                   0x00029633   Thumb Code   182  nrf_ble_qwr.o(i.nrf_ble_qwr_on_ble_evt)
    nrf_drv_clock_init                       0x00029709   Thumb Code    48  nrf_drv_clock.o(i.nrf_drv_clock_init)
    nrf_drv_clock_lfclk_release              0x00029741   Thumb Code    42  nrf_drv_clock.o(i.nrf_drv_clock_lfclk_release)
    nrf_drv_uart_init                        0x00029771   Thumb Code    90  nrf_drv_uart.o(i.nrf_drv_uart_init)
    nrf_fprintf                              0x00029819   Thumb Code    26  nrf_fprintf.o(i.nrf_fprintf)
    nrf_fprintf_buffer_flush                 0x00029833   Thumb Code    24  nrf_fprintf.o(i.nrf_fprintf_buffer_flush)
    nrf_fprintf_fmt                          0x0002984b   Thumb Code   474  nrf_fprintf_format.o(i.nrf_fprintf_fmt)
    nrf_log_backend_add                      0x00029b91   Thumb Code    86  nrf_log_frontend.o(i.nrf_log_backend_add)
    nrf_log_backend_rtt_init                 0x00029bef   Thumb Code     4  nrf_log_backend_rtt.o(i.nrf_log_backend_rtt_init)
    nrf_log_backend_serial_put               0x00029c0d   Thumb Code   200  nrf_log_backend_serial.o(i.nrf_log_backend_serial_put)
    nrf_log_color_id_get                     0x00029cd5   Thumb Code    42  nrf_log_frontend.o(i.nrf_log_color_id_get)
    nrf_log_default_backends_init            0x00029d05   Thumb Code    24  nrf_log_default_backends.o(i.nrf_log_default_backends_init)
    nrf_log_frontend_dequeue                 0x00029d21   Thumb Code   528  nrf_log_frontend.o(i.nrf_log_frontend_dequeue)
    nrf_log_frontend_std_0                   0x00029f55   Thumb Code     8  nrf_log_frontend.o(i.nrf_log_frontend_std_0)
    nrf_log_frontend_std_1                   0x00029f5d   Thumb Code    14  nrf_log_frontend.o(i.nrf_log_frontend_std_1)
    nrf_log_frontend_std_2                   0x00029f6b   Thumb Code    16  nrf_log_frontend.o(i.nrf_log_frontend_std_2)
    nrf_log_frontend_std_5                   0x00029f7b   Thumb Code    28  nrf_log_frontend.o(i.nrf_log_frontend_std_5)
    nrf_log_hexdump_entry_process            0x00029f99   Thumb Code   146  nrf_log_str_formatter.o(i.nrf_log_hexdump_entry_process)
    nrf_log_init                             0x0002a045   Thumb Code    46  nrf_log_frontend.o(i.nrf_log_init)
    nrf_log_module_cnt_get                   0x0002a081   Thumb Code    10  nrf_log_frontend.o(i.nrf_log_module_cnt_get)
    nrf_log_module_name_get                  0x0002a095   Thumb Code    24  nrf_log_frontend.o(i.nrf_log_module_name_get)
    nrf_log_panic                            0x0002a0b1   Thumb Code    38  nrf_log_frontend.o(i.nrf_log_panic)
    nrf_log_std_entry_process                0x0002a0dd   Thumb Code   182  nrf_log_str_formatter.o(i.nrf_log_std_entry_process)
    nrf_memobj_alloc                         0x0002a193   Thumb Code    96  nrf_memobj.o(i.nrf_memobj_alloc)
    nrf_memobj_free                          0x0002a1f3   Thumb Code    50  nrf_memobj.o(i.nrf_memobj_free)
    nrf_memobj_get                           0x0002a225   Thumb Code     8  nrf_memobj.o(i.nrf_memobj_get)
    nrf_memobj_pool_init                     0x0002a22d   Thumb Code     4  nrf_memobj.o(i.nrf_memobj_pool_init)
    nrf_memobj_put                           0x0002a231   Thumb Code    30  nrf_memobj.o(i.nrf_memobj_put)
    nrf_memobj_read                          0x0002a24f   Thumb Code    16  nrf_memobj.o(i.nrf_memobj_read)
    nrf_memobj_write                         0x0002a25f   Thumb Code    16  nrf_memobj.o(i.nrf_memobj_write)
    nrf_pwr_mgmt_init                        0x0002a271   Thumb Code    28  nrf_pwr_mgmt.o(i.nrf_pwr_mgmt_init)
    nrf_pwr_mgmt_run                         0x0002a299   Thumb Code    64  nrf_pwr_mgmt.o(i.nrf_pwr_mgmt_run)
    nrf_ringbuf_init                         0x0002a2f5   Thumb Code    28  nrf_ringbuf.o(i.nrf_ringbuf_init)
    nrf_sdh_ble_app_ram_start_get            0x0002a311   Thumb Code    16  nrf_sdh_ble.o(i.nrf_sdh_ble_app_ram_start_get)
    nrf_sdh_ble_default_cfg_set              0x0002a325   Thumb Code   272  nrf_sdh_ble.o(i.nrf_sdh_ble_default_cfg_set)
    nrf_sdh_ble_enable                       0x0002a455   Thumb Code   116  nrf_sdh_ble.o(i.nrf_sdh_ble_enable)
    nrf_sdh_enable_request                   0x0002a62d   Thumb Code   102  nrf_sdh.o(i.nrf_sdh_enable_request)
    nrf_sdh_evts_poll                        0x0002a6a1   Thumb Code    32  nrf_sdh.o(i.nrf_sdh_evts_poll)
    nrf_sdh_is_enabled                       0x0002a6c5   Thumb Code     6  nrf_sdh.o(i.nrf_sdh_is_enabled)
    nrf_section_iter_init                    0x0002a751   Thumb Code    10  nrf_section_iter.o(i.nrf_section_iter_init)
    nrf_section_iter_next                    0x0002a77f   Thumb Code    32  nrf_section_iter.o(i.nrf_section_iter_next)
    nrf_strerror_find                        0x0002a7a1   Thumb Code    52  nrf_strerror.o(i.nrf_strerror_find)
    nrf_strerror_get                         0x0002a7d9   Thumb Code    14  nrf_strerror.o(i.nrf_strerror_get)
    nrfx_clock_enable                        0x0002a831   Thumb Code    38  nrfx_clock.o(i.nrfx_clock_enable)
    nrfx_clock_init                          0x0002a861   Thumb Code    26  nrfx_clock.o(i.nrfx_clock_init)
    nrfx_clock_lfclk_stop                    0x0002a881   Thumb Code    20  nrfx_clock.o(i.nrfx_clock_lfclk_stop)
    nrfx_prs_acquire                         0x0002a8bd   Thumb Code    58  nrfx_prs.o(i.nrfx_prs_acquire)
    nrfx_timer_compare                       0x0002a8f7   Thumb Code    58  nrfx_timer.o(i.nrfx_timer_compare)
    nrfx_timer_enable                        0x0002a931   Thumb Code    24  nrfx_timer.o(i.nrfx_timer_enable)
    nrfx_timer_extended_compare              0x0002a94d   Thumb Code    42  nrfx_timer.o(i.nrfx_timer_extended_compare)
    nrfx_timer_init                          0x0002a979   Thumb Code   188  nrfx_timer.o(i.nrfx_timer_init)
    nrfx_uart_0_irq_handler                  0x0002aa39   Thumb Code     8  nrfx_uart.o(i.nrfx_uart_0_irq_handler)
    nrfx_uart_init                           0x0002aa49   Thumb Code   200  nrfx_uart.o(i.nrfx_uart_init)
    nrfx_uart_rx                             0x0002ab1d   Thumb Code   230  nrfx_uart.o(i.nrfx_uart_rx)
    nrfx_uart_tx                             0x0002ac09   Thumb Code   160  nrfx_uart.o(i.nrfx_uart_tx)
    nrfx_uart_tx_in_progress                 0x0002acad   Thumb Code    26  nrfx_uart.o(i.nrfx_uart_tx_in_progress)
    nrfx_uarte_0_irq_handler                 0x0002accd   Thumb Code     8  nrfx_uarte.o(i.nrfx_uarte_0_irq_handler)
    nrfx_uarte_init                          0x0002acdd   Thumb Code   100  nrfx_uarte.o(i.nrfx_uarte_init)
    nrfx_uarte_rx                            0x0002ad49   Thumb Code   256  nrfx_uarte.o(i.nrfx_uarte_rx)
    nrfx_uarte_tx                            0x0002ae4d   Thumb Code   138  nrfx_uarte.o(i.nrfx_uarte_tx)
    nrfx_uarte_tx_in_progress                0x0002aedd   Thumb Code    22  nrfx_uarte.o(i.nrfx_uarte_tx_in_progress)
    setup                                    0x0002b5cd   Thumb Code    62  main.o(i.setup)
    uart_event_handle                        0x0002b9dd   Thumb Code   106  main.o(i.uart_event_handle)
    nrf_log_backend_rtt_api                  0x0002c258   Data          12  nrf_log_backend_rtt.o(.constdata)
    m_ram_start                              0x0002c2fc   Data           4  nrf_sdh_ble.o(.constdata)
    __ctype_table                            0x0002c328   Data         129  ctype_o.o(.constdata)
    Region$$Table$$Base                      0x0002cb04   Number         0  anon$$obj.o(Region$$Table)
    Region$$Table$$Limit                     0x0002cb24   Number         0  anon$$obj.o(Region$$Table)
    log_const_data$$Base                     0x0002cb34   Number         0  nrf_ble_gatt.o(log_const_data)
    m_nrf_log_nrf_ble_gatt_logs_data_const   0x0002cb34   Data           8  nrf_ble_gatt.o(log_const_data)
    m_nrf_log_ble_nus_logs_data_const        0x0002cb3c   Data           8  ble_nus.o(log_const_data)
    m_nrf_log_clock_logs_data_const          0x0002cb44   Data           8  nrf_drv_clock.o(log_const_data)
    m_nrf_log_CLOCK_logs_data_const          0x0002cb4c   Data           8  nrfx_clock.o(log_const_data)
    m_nrf_log_GPIOTE_logs_data_const         0x0002cb54   Data           8  nrfx_gpiote.o(log_const_data)
    m_nrf_log_PRS_logs_data_const            0x0002cb5c   Data           8  nrfx_prs.o(log_const_data)
    m_nrf_log_UART_logs_data_const           0x0002cb64   Data           8  nrfx_uart.o(log_const_data)
    m_nrf_log_UARTE_logs_data_const          0x0002cb6c   Data           8  nrfx_uarte.o(log_const_data)
    m_nrf_log_TIMER_logs_data_const          0x0002cb74   Data           8  nrfx_timer.o(log_const_data)
    m_nrf_log_pwr_mgmt_logs_data_const       0x0002cb7c   Data           8  nrf_pwr_mgmt.o(log_const_data)
    m_nrf_log_app_logs_data_const            0x0002cb84   Data           8  nrf_log_frontend.o(log_const_data)
    m_nrf_log_nrf_sdh_logs_data_const        0x0002cb8c   Data           8  nrf_sdh.o(log_const_data)
    m_nrf_log_nrf_sdh_ble_logs_data_const    0x0002cb94   Data           8  nrf_sdh_ble.o(log_const_data)
    m_nrf_log_nrf_sdh_soc_logs_data_const    0x0002cb9c   Data           8  nrf_sdh_soc.o(log_const_data)
    log_const_data$$Limit                    0x0002cba4   Number         0  nrf_sdh_soc.o(log_const_data)
    log_mempool                              0x0002cba4   Data          20  nrf_log_frontend.o(nrf_balloc)
    sdh_ble_observers0$$Base                 0x0002cbb8   Number         0  ble_conn_state.o(sdh_ble_observers0)
    sdh_ble_observers0$$Limit                0x0002cbc0   Number         0  ble_conn_state.o(sdh_ble_observers0)
    sdh_ble_observers1$$Base                 0x0002cbc0   Number         0  main.o(sdh_ble_observers1)
    sdh_ble_observers1$$Limit                0x0002cbe0   Number         0  ble_conn_params.o(sdh_ble_observers1)
    sdh_ble_observers2$$Base                 0x0002cbe0   Number         0  main.o(sdh_ble_observers2)
    sdh_ble_observers2$$Limit                0x0002cbf0   Number         0  main.o(sdh_ble_observers2)
    sdh_ble_observers3$$Base                 0x0002cbf0   Number         0  main.o(sdh_ble_observers3)
    sdh_ble_observers3$$Limit                0x0002cbf8   Number         0  main.o(sdh_ble_observers3)
    sdh_soc_observers0$$Base                 0x0002cbf8   Number         0  nrf_drv_clock.o(sdh_soc_observers0)
    sdh_soc_observers0$$Limit                0x0002cc00   Number         0  nrf_drv_clock.o(sdh_soc_observers0)
    sdh_soc_observers1$$Base                 0x0002cc00   Number         0  main.o(sdh_soc_observers1)
    sdh_soc_observers1$$Limit                0x0002cc08   Number         0  main.o(sdh_soc_observers1)
    sdh_stack_observers0$$Base               0x0002cc08   Number         0  nrf_sdh_ble.o(sdh_stack_observers0)
    sdh_stack_observers0$$Limit              0x0002cc18   Number         0  nrf_sdh_soc.o(sdh_stack_observers0)
    sdh_state_observers0$$Base               0x0002cc18   Number         0  nrf_drv_clock.o(sdh_state_observers0)
    sdh_state_observers0$$Limit              0x0002cc20   Number         0  nrf_drv_clock.o(sdh_state_observers0)
    Image$$RW_IRAM1$$Base                    0x20002a98   Number         0  anon$$obj.o ABSOLUTE
    nrf_drv_uart_use_easy_dma                0x20002af4   Data           1  nrf_drv_uart.o(.data)
    __stdout                                 0x20002b48   Data           4  retarget.o(.data)
    SystemCoreClock                          0x20002bac   Data           4  system_nrf52.o(.data)
    nrf_nvic_state                           0x20003468   Data          12  app_util_platform.o(.bss)
    _SEGGER_RTT                              0x20003a3c   Data         120  segger_rtt.o(.bss)
    __initial_sp                             0x20005cc8   Data           0  arm_startup_nrf52.o(STACK)



==============================================================================

Memory Map of the image

  Image Entry point : 0x00026201

  Load Region LR_IROM1 (Base: 0x00026000, Size: 0x00006d38, Max: 0x0005a000, ABSOLUTE)

    Execution Region ER_IROM1 (Exec base: 0x00026000, Load base: 0x00026000, Size: 0x00006c20, Max: 0x0005a000, ABSOLUTE)

    Exec Addr    Load Addr    Size         Type   Attr      Idx    E Section Name        Object

    0x00026000   0x00026000   0x00000200   Data   RO         4942    RESET               arm_startup_nrf52.o
    0x00026200   0x00026200   0x00000000   Code   RO         4987  * .ARM.Collect$$$$00000000  mc_w.l(entry.o)
    0x00026200   0x00026200   0x00000004   Code   RO         5294    .ARM.Collect$$$$00000001  mc_w.l(entry2.o)
    0x00026204   0x00026204   0x00000004   Code   RO         5297    .ARM.Collect$$$$00000004  mc_w.l(entry5.o)
    0x00026208   0x00026208   0x00000000   Code   RO         5299    .ARM.Collect$$$$00000008  mc_w.l(entry7b.o)
    0x00026208   0x00026208   0x00000000   Code   RO         5301    .ARM.Collect$$$$0000000A  mc_w.l(entry8b.o)
    0x00026208   0x00026208   0x00000008   Code   RO         5302    .ARM.Collect$$$$0000000B  mc_w.l(entry9a.o)
    0x00026210   0x00026210   0x00000000   Code   RO         5304    .ARM.Collect$$$$0000000D  mc_w.l(entry10a.o)
    0x00026210   0x00026210   0x00000000   Code   RO         5306    .ARM.Collect$$$$0000000F  mc_w.l(entry11a.o)
    0x00026210   0x00026210   0x00000004   Code   RO         5295    .ARM.Collect$$$$00002712  mc_w.l(entry2.o)
    0x00026214   0x00026214   0x0000001a   Code   RO         2836    .emb_text           app_error_handler_keil.o
    0x0002622e   0x0002622e   0x00000002   PAD
    0x00026230   0x00026230   0x000000e2   Code   RO         3526    .emb_text           nrf_atomic.o
    0x00026312   0x00026312   0x00000002   PAD
    0x00026314   0x00026314   0x00000024   Code   RO         4943    .text               arm_startup_nrf52.o
    0x00026338   0x00026338   0x00000062   Code   RO         4990    .text               mc_w.l(uldiv.o)
    0x0002639a   0x0002639a   0x0000001e   Code   RO         4992    .text               mc_w.l(llshl.o)
    0x000263b8   0x000263b8   0x00000008   Code   RO         4994    .text               mc_w.l(ctype_o.o)
    0x000263c0   0x000263c0   0x00000024   Code   RO         5022    .text               mc_w.l(memcpya.o)
    0x000263e4   0x000263e4   0x00000024   Code   RO         5024    .text               mc_w.l(memseta.o)
    0x00026408   0x00026408   0x0000000e   Code   RO         5026    .text               mc_w.l(strlen.o)
    0x00026416   0x00026416   0x00000012   Code   RO         5030    .text               mc_w.l(strcpy.o)
    0x00026428   0x00026428   0x00000020   Code   RO         5310    .text               mc_w.l(llushr.o)
    0x00026448   0x00026448   0x00000024   Code   RO         5323    .text               mc_w.l(init.o)
    0x0002646c   0x0002646c   0x00000046   Code   RO            4    i.AD_reset          main.o
    0x000264b2   0x000264b2   0x00000002   PAD
    0x000264b4   0x000264b4   0x00000010   Code   RO            5    i.Delay             main.o
    0x000264c4   0x000264c4   0x00000164   Code   RO         1902    i.GPIOTE_IRQHandler  nrfx_gpiote.o
    0x00026628   0x00026628   0x00000016   Code   RO         3021    i.NVIC_ClearPendingIRQ  app_timer.o
    0x0002663e   0x0002663e   0x00000016   Code   RO         3022    i.NVIC_EnableIRQ    app_timer.o
    0x00026654   0x00026654   0x00000016   Code   RO         3023    i.NVIC_SetPendingIRQ  app_timer.o
    0x0002666a   0x0002666a   0x00000020   Code   RO         3024    i.NVIC_SetPriority  app_timer.o
    0x0002668a   0x0002668a   0x00000002   PAD
    0x0002668c   0x0002668c   0x00000058   Code   RO         1767    i.POWER_CLOCK_IRQHandler  nrfx_clock.o
    0x000266e4   0x000266e4   0x00000024   Code   RO         3025    i.RTC1_IRQHandler   app_timer.o
    0x00026708   0x00026708   0x0000007e   Code   RO            6    i.ReadFromReg       main.o
    0x00026786   0x00026786   0x00000004   Code   RO         4482    i.SEGGER_RTT_Init   segger_rtt.o
    0x0002678a   0x0002678a   0x00000002   PAD
    0x0002678c   0x0002678c   0x0000005c   Code   RO         4496    i.SEGGER_RTT_WriteNoLock  segger_rtt.o
    0x000267e8   0x000267e8   0x00000004   Code   RO         3026    i.SWI0_EGU0_IRQHandler  app_timer.o
    0x000267ec   0x000267ec   0x00000004   Code   RO         4733    i.SWI2_EGU2_IRQHandler  nrf_sdh.o
    0x000267f0   0x000267f0   0x0000031c   Code   RO         4951    i.SystemInit        system_nrf52.o
    0x00026b0c   0x00026b0c   0x00000050   Code   RO         2604    i.TIMER2_IRQHandler  nrfx_timer.o
    0x00026b5c   0x00026b5c   0x0000000c   Code   RO         2204    i.UARTE0_UART0_IRQHandler  nrfx_prs.o
    0x00026b68   0x00026b68   0x0000004a   Code   RO            7    i.WriteToReg        main.o
    0x00026bb2   0x00026bb2   0x00000002   PAD
    0x00026bb4   0x00026bb4   0x00000068   Code   RO         4500    i._DoInit           segger_rtt.o
    0x00026c1c   0x00026c1c   0x00000016   Code   RO         4501    i._GetAvailWriteSpace  segger_rtt.o
    0x00026c32   0x00026c32   0x0000005a   Code   RO         4503    i._WriteBlocking    segger_rtt.o
    0x00026c8c   0x00026c8c   0x00000042   Code   RO         4504    i._WriteNoCheck     segger_rtt.o
    0x00026cce   0x00026cce   0x00000002   PAD
    0x00026cd0   0x00026cd0   0x00000010   Code   RO         5035    i.__0printf$bare    mc_w.l(printfb.o)
    0x00026ce0   0x00026ce0   0x0000000e   Code   RO         5331    i.__scatterload_copy  mc_w.l(handlers.o)
    0x00026cee   0x00026cee   0x00000002   Code   RO         5332    i.__scatterload_null  mc_w.l(handlers.o)
    0x00026cf0   0x00026cf0   0x0000000e   Code   RO         5333    i.__scatterload_zeroinit  mc_w.l(handlers.o)
    0x00026cfe   0x00026cfe   0x00000002   PAD
    0x00026d00   0x00026d00   0x00000024   Code   RO         4734    i.__sd_nvic_app_accessible_irq  nrf_sdh.o
    0x00026d24   0x00026d24   0x00000022   Code   RO         5042    i._printf_core      mc_w.l(printfb.o)
    0x00026d46   0x00026d46   0x00000036   Code   RO          731    i.advertising_buttons_configure  bsp_btn_ble.o
    0x00026d7c   0x00026d7c   0x0000006c   Code   RO            8    i.advertising_init  main.o
    0x00026de8   0x00026de8   0x00000164   Code   RO         2858    i.app_error_fault_handler  app_error_weak.o
    0x00026f4c   0x00026f4c   0x00000064   Code   RO         2799    i.app_error_save_and_stop  app_error.o
    0x00026fb0   0x00026fb0   0x00000016   Code   RO         2898    i.app_fifo_get      app_fifo.o
    0x00026fc6   0x00026fc6   0x00000020   Code   RO         2899    i.app_fifo_init     app_fifo.o
    0x00026fe6   0x00026fe6   0x0000001a   Code   RO         2901    i.app_fifo_put      app_fifo.o
    0x00027000   0x00027000   0x00000028   Code   RO         3029    i.app_timer_create  app_timer.o
    0x00027028   0x00027028   0x00000054   Code   RO         3030    i.app_timer_init    app_timer.o
    0x0002707c   0x0002707c   0x00000088   Code   RO         3033    i.app_timer_start   app_timer.o
    0x00027104   0x00027104   0x00000020   Code   RO         3034    i.app_timer_stop    app_timer.o
    0x00027124   0x00027124   0x00000074   Code   RO         3193    i.app_uart_get      app_uart_fifo.o
    0x00027198   0x00027198   0x000000a4   Code   RO         3194    i.app_uart_init     app_uart_fifo.o
    0x0002723c   0x0002723c   0x00000054   Code   RO         3195    i.app_uart_put      app_uart_fifo.o
    0x00027290   0x00027290   0x00000048   Code   RO         3274    i.app_util_critical_region_enter  app_util_platform.o
    0x000272d8   0x000272d8   0x00000034   Code   RO         3275    i.app_util_critical_region_exit  app_util_platform.o
    0x0002730c   0x0002730c   0x00000088   Code   RO         2258    i.apply_config      nrfx_uart.o
    0x00027394   0x00027394   0x00000088   Code   RO         2449    i.apply_config      nrfx_uarte.o
    0x0002741c   0x0002741c   0x00000048   Code   RO         1276    i.blcm_link_ctx_get  ble_link_ctx_manager.o
    0x00027464   0x00027464   0x00000182   Code   RO          841    i.ble_advdata_encode  ble_advdata.o
    0x000275e6   0x000275e6   0x00000020   Code   RO          843    i.ble_advdata_parse  ble_advdata.o
    0x00027606   0x00027606   0x00000038   Code   RO          844    i.ble_advdata_search  ble_advdata.o
    0x0002763e   0x0002763e   0x00000006   Code   RO          948    i.ble_advertising_conn_cfg_tag_set  ble_advertising.o
    0x00027644   0x00027644   0x0000011c   Code   RO          949    i.ble_advertising_init  ble_advertising.o
    0x00027760   0x00027760   0x0000006a   Code   RO          951    i.ble_advertising_on_ble_evt  ble_advertising.o
    0x000277ca   0x000277ca   0x00000002   Code   RO          952    i.ble_advertising_on_sys_evt  ble_advertising.o
    0x000277cc   0x000277cc   0x0000022c   Code   RO          955    i.ble_advertising_start  ble_advertising.o
    0x000279f8   0x000279f8   0x00000068   Code   RO         1044    i.ble_conn_params_init  ble_conn_params.o
    0x00027a60   0x00027a60   0x00000012   Code   RO         1119    i.ble_conn_state_conn_idx  ble_conn_state.o
    0x00027a72   0x00027a72   0x00000002   PAD
    0x00027a74   0x00027a74   0x00000014   Code   RO         1132    i.ble_conn_state_valid  ble_conn_state.o
    0x00027a88   0x00027a88   0x00000060   Code   RO          847    i.ble_device_addr_encode  ble_advdata.o
    0x00027ae8   0x00027ae8   0x00000124   Code   RO           10    i.ble_evt_handler   main.o
    0x00027c0c   0x00027c0c   0x00000070   Code   RO          732    i.ble_evt_handler   bsp_btn_ble.o
    0x00027c7c   0x00027c7c   0x000000fc   Code   RO         1046    i.ble_evt_handler   ble_conn_params.o
    0x00027d78   0x00027d78   0x00000144   Code   RO         1133    i.ble_evt_handler   ble_conn_state.o
    0x00027ebc   0x00027ebc   0x00000048   Code   RO         1505    i.ble_lbs_on_dht_change  ble_nus.o
    0x00027f04   0x00027f04   0x00000066   Code   RO         1506    i.ble_nus_data_send  ble_nus.o
    0x00027f6a   0x00027f6a   0x00000002   PAD
    0x00027f6c   0x00027f6c   0x0000011c   Code   RO         1507    i.ble_nus_init      ble_nus.o
    0x00028088   0x00028088   0x00000070   Code   RO         1508    i.ble_nus_on_ble_evt  ble_nus.o
    0x000280f8   0x000280f8   0x00000008   Code   RO         1302    i.ble_srv_is_notification_enabled  ble_srv_common.o
    0x00028100   0x00028100   0x00000044   Code   RO           11    i.ble_stack_init    main.o
    0x00028144   0x00028144   0x0000000c   Code   RO          478    i.bsp_board_button_idx_to_pin  boards.o
    0x00028150   0x00028150   0x00000024   Code   RO          482    i.bsp_board_led_invert  boards.o
    0x00028174   0x00028174   0x00000010   Code   RO          483    i.bsp_board_led_off  boards.o
    0x00028184   0x00028184   0x00000010   Code   RO          484    i.bsp_board_led_on  boards.o
    0x00028194   0x00028194   0x00000020   Code   RO          485    i.bsp_board_led_state_get  boards.o
    0x000281b4   0x000281b4   0x00000012   Code   RO          486    i.bsp_board_leds_off  boards.o
    0x000281c6   0x000281c6   0x00000012   Code   RO          487    i.bsp_board_leds_on  boards.o
    0x000281d8   0x000281d8   0x00000024   Code   RO          488    i.bsp_board_pin_to_button_idx  boards.o
    0x000281fc   0x000281fc   0x0000001e   Code   RO          734    i.bsp_btn_ble_sleep_mode_prepare  bsp_btn_ble.o
    0x0002821a   0x0002821a   0x00000002   PAD
    0x0002821c   0x0002821c   0x00000090   Code   RO          615    i.bsp_button_event_handler  bsp.o
    0x000282ac   0x000282ac   0x00000044   Code   RO          619    i.bsp_event_to_button_action_assign  bsp.o
    0x000282f0   0x000282f0   0x00000018   Code   RO          620    i.bsp_indication_set  bsp.o
    0x00028308   0x00028308   0x000001c8   Code   RO          622    i.bsp_led_indication  bsp.o
    0x000284d0   0x000284d0   0x00000006   Code   RO          624    i.bsp_wakeup_button_enable  bsp.o
    0x000284d6   0x000284d6   0x00000002   PAD
    0x000284d8   0x000284d8   0x00000090   Code   RO         4237    i.buf_prealloc      nrf_log_frontend.o
    0x00028568   0x00028568   0x0000001e   Code   RO         3738    i.buffer_add        nrf_fprintf_format.o
    0x00028586   0x00028586   0x00000002   PAD
    0x00028588   0x00028588   0x00000014   Code   RO         4238    i.buffer_is_empty   nrf_log_frontend.o
    0x0002859c   0x0002859c   0x00000010   Code   RO         1905    i.channel_port_get  nrfx_gpiote.o
    0x000285ac   0x000285ac   0x00000190   Code   RO         1304    i.characteristic_add  ble_srv_common.o
    0x0002873c   0x0002873c   0x00000028   Code   RO         1569    i.clock_clk_started_notify  nrf_drv_clock.o
    0x00028764   0x00028764   0x0000001c   Code   RO         1570    i.clock_irq_handler  nrf_drv_clock.o
    0x00028780   0x00028780   0x000000ac   Code   RO         3036    i.compare_reg_update  app_timer.o
    0x0002882c   0x0002882c   0x0000003e   Code   RO         1134    i.conn_handle_list_get  ble_conn_state.o
    0x0002886a   0x0002886a   0x00000088   Code   RO          848    i.conn_int_encode   ble_advdata.o
    0x000288f2   0x000288f2   0x00000002   PAD
    0x000288f4   0x000288f4   0x00000018   Code   RO           13    i.conn_params_error_handler  main.o
    0x0002890c   0x0002890c   0x00000048   Code   RO         1047    i.conn_params_negotiation  ble_conn_params.o
    0x00028954   0x00028954   0x000000c0   Code   RO         1362    i.data_length_update  nrf_ble_gatt.o
    0x00028a14   0x00028a14   0x00000014   Code   RO         4239    i.dropped_sat16_get  nrf_log_frontend.o
    0x00028a28   0x00028a28   0x00000040   Code   RO         3037    i.elapsed_ticks_acquire  app_timer.o
    0x00028a68   0x00028a68   0x00000014   Code   RO         2904    i.fifo_get          app_fifo.o
    0x00028a7c   0x00028a7c   0x00000012   Code   RO         2905    i.fifo_put          app_fifo.o
    0x00028a8e   0x00028a8e   0x00000028   Code   RO          957    i.flags_set         ble_advertising.o
    0x00028ab6   0x00028ab6   0x0000000e   Code   RO         4061    i.fputc             retarget.o
    0x00028ac4   0x00028ac4   0x00000064   Code   RO           14    i.gap_params_init   main.o
    0x00028b28   0x00028b28   0x0000005c   Code   RO           15    i.gatt_evt_handler  main.o
    0x00028b84   0x00028b84   0x0000004c   Code   RO           16    i.gatt_init         main.o
    0x00028bd0   0x00028bd0   0x00000014   Code   RO         1048    i.instance_get      ble_conn_params.o
    0x00028be4   0x00028be4   0x000000a6   Code   RO         3739    i.int_print         nrf_fprintf_format.o
    0x00028c8a   0x00028c8a   0x00000002   PAD
    0x00028c8c   0x00028c8c   0x00000080   Code   RO         2450    i.interrupts_enable  nrfx_uarte.o
    0x00028d0c   0x00028d0c   0x00000034   Code   RO         4240    i.invalid_packets_omit  nrf_log_frontend.o
    0x00028d40   0x00028d40   0x00000044   Code   RO         1049    i.is_conn_params_ok  ble_conn_params.o
    0x00028d84   0x00028d84   0x00000030   Code   RO          626    i.leds_off          bsp.o
    0x00028db4   0x00028db4   0x00000018   Code   RO         1363    i.link_init         nrf_ble_gatt.o
    0x00028dcc   0x00028dcc   0x000000f8   Code   RO         3038    i.list_insertions_handler  app_timer.o
    0x00028ec4   0x00028ec4   0x0000009c   Code   RO         4241    i.log_skip          nrf_log_frontend.o
    0x00028f60   0x00028f60   0x000001fc   Code   RO           17    i.main              main.o
    0x0002915c   0x0002915c   0x00000064   Code   RO          849    i.manuf_specific_data_encode  ble_advdata.o
    0x000291c0   0x000291c0   0x0000007e   Code   RO         3778    i.memobj_op         nrf_memobj.o
    0x0002923e   0x0002923e   0x00000002   PAD
    0x00029240   0x00029240   0x00000030   Code   RO         4242    i.module_idx_get    nrf_log_frontend.o
    0x00029270   0x00029270   0x000000a6   Code   RO          850    i.name_encode       ble_advdata.o
    0x00029316   0x00029316   0x00000016   Code   RO         3460    i.nrf_atflags_clear  nrf_atflags.o
    0x0002932c   0x0002932c   0x00000016   Code   RO         3465    i.nrf_atflags_get   nrf_atflags.o
    0x00029342   0x00029342   0x00000014   Code   RO         3467    i.nrf_atflags_set   nrf_atflags.o
    0x00029356   0x00029356   0x00000006   Code   RO         3528    i.nrf_atomic_flag_clear_fetch  nrf_atomic.o
    0x0002935c   0x0002935c   0x00000006   Code   RO         3529    i.nrf_atomic_flag_set  nrf_atomic.o
    0x00029362   0x00029362   0x0000000c   Code   RO         3531    i.nrf_atomic_u32_add  nrf_atomic.o
    0x0002936e   0x0002936e   0x0000000c   Code   RO         3532    i.nrf_atomic_u32_and  nrf_atomic.o
    0x0002937a   0x0002937a   0x0000000a   Code   RO         3535    i.nrf_atomic_u32_fetch_and  nrf_atomic.o
    0x00029384   0x00029384   0x0000000a   Code   RO         3537    i.nrf_atomic_u32_fetch_store  nrf_atomic.o
    0x0002938e   0x0002938e   0x0000000c   Code   RO         3541    i.nrf_atomic_u32_or  nrf_atomic.o
    0x0002939a   0x0002939a   0x0000000c   Code   RO         3543    i.nrf_atomic_u32_sub  nrf_atomic.o
    0x000293a6   0x000293a6   0x00000044   Code   RO         3662    i.nrf_balloc_alloc  nrf_balloc.o
    0x000293ea   0x000293ea   0x00000030   Code   RO         3663    i.nrf_balloc_free   nrf_balloc.o
    0x0002941a   0x0002941a   0x00000030   Code   RO         3664    i.nrf_balloc_init   nrf_balloc.o
    0x0002944a   0x0002944a   0x00000010   Code   RO         1906    i.nrf_bitmask_bit_is_set  nrfx_gpiote.o
    0x0002945a   0x0002945a   0x00000014   Code   RO         1907    i.nrf_bitmask_bit_set  nrfx_gpiote.o
    0x0002946e   0x0002946e   0x00000018   Code   RO         1365    i.nrf_ble_gatt_att_mtu_periph_set  nrf_ble_gatt.o
    0x00029486   0x00029486   0x00000022   Code   RO         1369    i.nrf_ble_gatt_init  nrf_ble_gatt.o
    0x000294a8   0x000294a8   0x00000150   Code   RO         1370    i.nrf_ble_gatt_on_ble_evt  nrf_ble_gatt.o
    0x000295f8   0x000295f8   0x00000016   Code   RO         1464    i.nrf_ble_qwr_conn_handle_assign  nrf_ble_qwr.o
    0x0002960e   0x0002960e   0x00000024   Code   RO         1465    i.nrf_ble_qwr_init  nrf_ble_qwr.o
    0x00029632   0x00029632   0x000000b6   Code   RO         1466    i.nrf_ble_qwr_on_ble_evt  nrf_ble_qwr.o
    0x000296e8   0x000296e8   0x0000000e   Code   RO         1768    i.nrf_clock_event_check  nrfx_clock.o
    0x000296f6   0x000296f6   0x00000010   Code   RO         1769    i.nrf_clock_event_clear  nrfx_clock.o
    0x00029706   0x00029706   0x00000002   PAD
    0x00029708   0x00029708   0x00000038   Code   RO         1577    i.nrf_drv_clock_init  nrf_drv_clock.o
    0x00029740   0x00029740   0x00000030   Code   RO         1581    i.nrf_drv_clock_lfclk_release  nrf_drv_clock.o
    0x00029770   0x00029770   0x00000068   Code   RO         1715    i.nrf_drv_uart_init  nrf_drv_uart.o
    0x000297d8   0x000297d8   0x00000020   Code   RO         3196    i.nrf_drv_uart_rx   app_uart_fifo.o
    0x000297f8   0x000297f8   0x00000020   Code   RO         3197    i.nrf_drv_uart_tx   app_uart_fifo.o
    0x00029818   0x00029818   0x0000001a   Code   RO         3699    i.nrf_fprintf       nrf_fprintf.o
    0x00029832   0x00029832   0x00000018   Code   RO         3700    i.nrf_fprintf_buffer_flush  nrf_fprintf.o
    0x0002984a   0x0002984a   0x000001da   Code   RO         3740    i.nrf_fprintf_fmt   nrf_fprintf_format.o
    0x00029a24   0x00029a24   0x00000024   Code   RO           18    i.nrf_gpio_cfg      main.o
    0x00029a48   0x00029a48   0x00000024   Code   RO         2259    i.nrf_gpio_cfg      nrfx_uart.o
    0x00029a6c   0x00029a6c   0x00000024   Code   RO         2451    i.nrf_gpio_cfg      nrfx_uarte.o
    0x00029a90   0x00029a90   0x00000012   Code   RO         2261    i.nrf_gpio_cfg_input  nrfx_uart.o
    0x00029aa2   0x00029aa2   0x00000012   Code   RO         2453    i.nrf_gpio_cfg_input  nrfx_uarte.o
    0x00029ab4   0x00029ab4   0x00000014   Code   RO           19    i.nrf_gpio_cfg_output  main.o
    0x00029ac8   0x00029ac8   0x00000014   Code   RO         2262    i.nrf_gpio_cfg_output  nrfx_uart.o
    0x00029adc   0x00029adc   0x00000014   Code   RO         2454    i.nrf_gpio_cfg_output  nrfx_uarte.o
    0x00029af0   0x00029af0   0x00000022   Code   RO         1910    i.nrf_gpio_cfg_sense_set  nrfx_gpiote.o
    0x00029b12   0x00029b12   0x0000000e   Code   RO           20    i.nrf_gpio_pin_clear  main.o
    0x00029b20   0x00029b20   0x0000000e   Code   RO           21    i.nrf_gpio_pin_set  main.o
    0x00029b2e   0x00029b2e   0x00000016   Code   RO          491    i.nrf_gpio_pin_write  boards.o
    0x00029b44   0x00029b44   0x00000028   Code   RO         1911    i.nrf_gpio_ports_read  nrfx_gpiote.o
    0x00029b6c   0x00029b6c   0x00000014   Code   RO         1912    i.nrf_gpiote_event_clear  nrfx_gpiote.o
    0x00029b80   0x00029b80   0x00000010   Code   RO         1913    i.nrf_gpiote_event_is_set  nrfx_gpiote.o
    0x00029b90   0x00029b90   0x0000005c   Code   RO         4243    i.nrf_log_backend_add  nrf_log_frontend.o
    0x00029bec   0x00029bec   0x00000002   Code   RO         4098    i.nrf_log_backend_rtt_flush  nrf_log_backend_rtt.o
    0x00029bee   0x00029bee   0x00000004   Code   RO         4099    i.nrf_log_backend_rtt_init  nrf_log_backend_rtt.o
    0x00029bf2   0x00029bf2   0x00000002   Code   RO         4100    i.nrf_log_backend_rtt_panic_set  nrf_log_backend_rtt.o
    0x00029bf4   0x00029bf4   0x00000018   Code   RO         4101    i.nrf_log_backend_rtt_put  nrf_log_backend_rtt.o
    0x00029c0c   0x00029c0c   0x000000c8   Code   RO         4167    i.nrf_log_backend_serial_put  nrf_log_backend_serial.o
    0x00029cd4   0x00029cd4   0x00000030   Code   RO         4245    i.nrf_log_color_id_get  nrf_log_frontend.o
    0x00029d04   0x00029d04   0x0000001c   Code   RO         4201    i.nrf_log_default_backends_init  nrf_log_default_backends.o
    0x00029d20   0x00029d20   0x00000234   Code   RO         4246    i.nrf_log_frontend_dequeue  nrf_log_frontend.o
    0x00029f54   0x00029f54   0x00000008   Code   RO         4248    i.nrf_log_frontend_std_0  nrf_log_frontend.o
    0x00029f5c   0x00029f5c   0x0000000e   Code   RO         4249    i.nrf_log_frontend_std_1  nrf_log_frontend.o
    0x00029f6a   0x00029f6a   0x00000010   Code   RO         4250    i.nrf_log_frontend_std_2  nrf_log_frontend.o
    0x00029f7a   0x00029f7a   0x0000001c   Code   RO         4253    i.nrf_log_frontend_std_5  nrf_log_frontend.o
    0x00029f96   0x00029f96   0x00000002   PAD
    0x00029f98   0x00029f98   0x000000ac   Code   RO         4423    i.nrf_log_hexdump_entry_process  nrf_log_str_formatter.o
    0x0002a044   0x0002a044   0x0000003c   Code   RO         4255    i.nrf_log_init      nrf_log_frontend.o
    0x0002a080   0x0002a080   0x00000014   Code   RO         4256    i.nrf_log_module_cnt_get  nrf_log_frontend.o
    0x0002a094   0x0002a094   0x0000001c   Code   RO         4259    i.nrf_log_module_name_get  nrf_log_frontend.o
    0x0002a0b0   0x0002a0b0   0x0000002c   Code   RO         4260    i.nrf_log_panic     nrf_log_frontend.o
    0x0002a0dc   0x0002a0dc   0x000000b6   Code   RO         4424    i.nrf_log_std_entry_process  nrf_log_str_formatter.o
    0x0002a192   0x0002a192   0x00000060   Code   RO         3779    i.nrf_memobj_alloc  nrf_memobj.o
    0x0002a1f2   0x0002a1f2   0x00000032   Code   RO         3780    i.nrf_memobj_free   nrf_memobj.o
    0x0002a224   0x0002a224   0x00000008   Code   RO         3781    i.nrf_memobj_get    nrf_memobj.o
    0x0002a22c   0x0002a22c   0x00000004   Code   RO         3782    i.nrf_memobj_pool_init  nrf_memobj.o
    0x0002a230   0x0002a230   0x0000001e   Code   RO         3783    i.nrf_memobj_put    nrf_memobj.o
    0x0002a24e   0x0002a24e   0x00000010   Code   RO         3784    i.nrf_memobj_read   nrf_memobj.o
    0x0002a25e   0x0002a25e   0x00000010   Code   RO         3785    i.nrf_memobj_write  nrf_memobj.o
    0x0002a26e   0x0002a26e   0x00000002   PAD
    0x0002a270   0x0002a270   0x00000028   Code   RO         3857    i.nrf_pwr_mgmt_init  nrf_pwr_mgmt.o
    0x0002a298   0x0002a298   0x00000044   Code   RO         3858    i.nrf_pwr_mgmt_run  nrf_pwr_mgmt.o
    0x0002a2dc   0x0002a2dc   0x00000018   Code   RO           22    i.nrf_qwr_error_handler  main.o
    0x0002a2f4   0x0002a2f4   0x0000001c   Code   RO         3934    i.nrf_ringbuf_init  nrf_ringbuf.o
    0x0002a310   0x0002a310   0x00000014   Code   RO         4854    i.nrf_sdh_ble_app_ram_start_get  nrf_sdh_ble.o
    0x0002a324   0x0002a324   0x00000130   Code   RO         4855    i.nrf_sdh_ble_default_cfg_set  nrf_sdh_ble.o
    0x0002a454   0x0002a454   0x00000130   Code   RO         4856    i.nrf_sdh_ble_enable  nrf_sdh_ble.o
    0x0002a584   0x0002a584   0x000000a8   Code   RO         4857    i.nrf_sdh_ble_evts_poll  nrf_sdh_ble.o
    0x0002a62c   0x0002a62c   0x00000074   Code   RO         4736    i.nrf_sdh_enable_request  nrf_sdh.o
    0x0002a6a0   0x0002a6a0   0x00000024   Code   RO         4737    i.nrf_sdh_evts_poll  nrf_sdh.o
    0x0002a6c4   0x0002a6c4   0x0000000c   Code   RO         4738    i.nrf_sdh_is_enabled  nrf_sdh.o
    0x0002a6d0   0x0002a6d0   0x00000080   Code   RO         4908    i.nrf_sdh_soc_evts_poll  nrf_sdh_soc.o
    0x0002a750   0x0002a750   0x0000000a   Code   RO         3992    i.nrf_section_iter_init  nrf_section_iter.o
    0x0002a75a   0x0002a75a   0x00000024   Code   RO         3993    i.nrf_section_iter_item_set  nrf_section_iter.o
    0x0002a77e   0x0002a77e   0x00000020   Code   RO         3994    i.nrf_section_iter_next  nrf_section_iter.o
    0x0002a79e   0x0002a79e   0x00000002   PAD
    0x0002a7a0   0x0002a7a0   0x00000038   Code   RO         4027    i.nrf_strerror_find  nrf_strerror.o
    0x0002a7d8   0x0002a7d8   0x00000014   Code   RO         4028    i.nrf_strerror_get  nrf_strerror.o
    0x0002a7ec   0x0002a7ec   0x0000000c   Code   RO         2605    i.nrf_timer_event_clear  nrfx_timer.o
    0x0002a7f8   0x0002a7f8   0x0000000a   Code   RO         2263    i.nrf_uart_event_check  nrfx_uart.o
    0x0002a802   0x0002a802   0x0000000c   Code   RO         2264    i.nrf_uart_event_clear  nrfx_uart.o
    0x0002a80e   0x0002a80e   0x0000000c   Code   RO         2265    i.nrf_uart_int_enable_check  nrfx_uart.o
    0x0002a81a   0x0002a81a   0x0000000a   Code   RO         2455    i.nrf_uarte_event_check  nrfx_uarte.o
    0x0002a824   0x0002a824   0x0000000c   Code   RO         2456    i.nrf_uarte_event_clear  nrfx_uarte.o
    0x0002a830   0x0002a830   0x00000030   Code   RO         1774    i.nrfx_clock_enable  nrfx_clock.o
    0x0002a860   0x0002a860   0x00000020   Code   RO         1777    i.nrfx_clock_init   nrfx_clock.o
    0x0002a880   0x0002a880   0x0000001c   Code   RO         1780    i.nrfx_clock_lfclk_stop  nrfx_clock.o
    0x0002a89c   0x0002a89c   0x00000010   Code   RO         3039    i.nrfx_coredep_delay_us  app_timer.o
    0x0002a8ac   0x0002a8ac   0x00000010   Code   RO         2457    i.nrfx_is_in_ram    nrfx_uarte.o
    0x0002a8bc   0x0002a8bc   0x0000003a   Code   RO         2205    i.nrfx_prs_acquire  nrfx_prs.o
    0x0002a8f6   0x0002a8f6   0x0000003a   Code   RO         2608    i.nrfx_timer_compare  nrfx_timer.o
    0x0002a930   0x0002a930   0x0000001c   Code   RO         2612    i.nrfx_timer_enable  nrfx_timer.o
    0x0002a94c   0x0002a94c   0x0000002a   Code   RO         2613    i.nrfx_timer_extended_compare  nrfx_timer.o
    0x0002a976   0x0002a976   0x00000002   PAD
    0x0002a978   0x0002a978   0x000000c0   Code   RO         2615    i.nrfx_timer_init   nrfx_timer.o
    0x0002aa38   0x0002aa38   0x00000010   Code   RO         2266    i.nrfx_uart_0_irq_handler  nrfx_uart.o
    0x0002aa48   0x0002aa48   0x000000d4   Code   RO         2268    i.nrfx_uart_init    nrfx_uart.o
    0x0002ab1c   0x0002ab1c   0x000000ec   Code   RO         2269    i.nrfx_uart_rx      nrfx_uart.o
    0x0002ac08   0x0002ac08   0x000000a4   Code   RO         2274    i.nrfx_uart_tx      nrfx_uart.o
    0x0002acac   0x0002acac   0x00000020   Code   RO         2276    i.nrfx_uart_tx_in_progress  nrfx_uart.o
    0x0002accc   0x0002accc   0x00000010   Code   RO         2458    i.nrfx_uarte_0_irq_handler  nrfx_uarte.o
    0x0002acdc   0x0002acdc   0x0000006c   Code   RO         2460    i.nrfx_uarte_init   nrfx_uarte.o
    0x0002ad48   0x0002ad48   0x00000104   Code   RO         2461    i.nrfx_uarte_rx     nrfx_uarte.o
    0x0002ae4c   0x0002ae4c   0x00000090   Code   RO         2464    i.nrfx_uarte_tx     nrfx_uarte.o
    0x0002aedc   0x0002aedc   0x0000001c   Code   RO         2466    i.nrfx_uarte_tx_in_progress  nrfx_uarte.o
    0x0002aef8   0x0002aef8   0x000000a4   Code   RO           23    i.nus_data_handler  main.o
    0x0002af9c   0x0002af9c   0x0000003c   Code   RO           24    i.on_adv_evt        main.o
    0x0002afd8   0x0002afd8   0x00000030   Code   RO           25    i.on_conn_params_evt  main.o
    0x0002b008   0x0002b008   0x0000006a   Code   RO         1509    i.on_connect        ble_nus.o
    0x0002b072   0x0002b072   0x00000002   PAD
    0x0002b074   0x0002b074   0x000000a8   Code   RO         1371    i.on_connected_evt  nrf_ble_gatt.o
    0x0002b11c   0x0002b11c   0x000000ac   Code   RO         1372    i.on_exchange_mtu_request_evt  nrf_ble_gatt.o
    0x0002b1c8   0x0002b1c8   0x00000084   Code   RO         1510    i.on_write          ble_nus.o
    0x0002b24c   0x0002b24c   0x00000012   Code   RO          958    i.phy_is_valid      ble_advertising.o
    0x0002b25e   0x0002b25e   0x00000002   PAD
    0x0002b260   0x0002b260   0x0000003c   Code   RO         4426    i.postfix_process   nrf_log_str_formatter.o
    0x0002b29c   0x0002b29c   0x00000098   Code   RO         4427    i.prefix_process    nrf_log_str_formatter.o
    0x0002b334   0x0002b334   0x00000018   Code   RO         2207    i.prs_box_get       nrfx_prs.o
    0x0002b34c   0x0002b34c   0x0000003c   Code   RO         3040    i.rtc1_stop         app_timer.o
    0x0002b388   0x0002b388   0x00000032   Code   RO         2278    i.rx_byte           nrfx_uart.o
    0x0002b3ba   0x0002b3ba   0x00000016   Code   RO         2279    i.rx_done_event     nrfx_uart.o
    0x0002b3d0   0x0002b3d0   0x00000018   Code   RO         2468    i.rx_done_event     nrfx_uarte.o
    0x0002b3e8   0x0002b3e8   0x00000020   Code   RO         2280    i.rx_enable         nrfx_uart.o
    0x0002b408   0x0002b408   0x00000050   Code   RO         1584    i.sd_state_evt_handler  nrf_drv_clock.o
    0x0002b458   0x0002b458   0x00000030   Code   RO         4743    i.sdh_request_observer_notify  nrf_sdh.o
    0x0002b488   0x0002b488   0x0000002c   Code   RO         4744    i.sdh_state_observer_notify  nrf_sdh.o
    0x0002b4b4   0x0002b4b4   0x00000010   Code   RO         1050    i.send_error_evt    ble_conn_params.o
    0x0002b4c4   0x0002b4c4   0x00000050   Code   RO         4102    i.serial_tx         nrf_log_backend_rtt.o
    0x0002b514   0x0002b514   0x00000088   Code   RO          851    i.service_data_encode  ble_advdata.o
    0x0002b59c   0x0002b59c   0x00000030   Code   RO         1306    i.set_security_req  ble_srv_common.o
    0x0002b5cc   0x0002b5cc   0x0000003e   Code   RO           26    i.setup             main.o
    0x0002b60a   0x0002b60a   0x00000002   PAD
    0x0002b60c   0x0002b60c   0x0000004c   Code   RO           27    i.sleep_mode_enter  main.o
    0x0002b658   0x0002b658   0x00000018   Code   RO         1585    i.soc_evt_handler   nrf_drv_clock.o
    0x0002b670   0x0002b670   0x00000098   Code   RO         4746    i.softdevices_evt_irq_enable  nrf_sdh.o
    0x0002b708   0x0002b708   0x0000008c   Code   RO         4262    i.std_n             nrf_log_frontend.o
    0x0002b794   0x0002b794   0x00000034   Code   RO           28    i.thi_monitor_timeout_handler  main.o
    0x0002b7c8   0x0002b7c8   0x00000080   Code   RO         3041    i.timer_list_handler  app_timer.o
    0x0002b848   0x0002b848   0x0000003c   Code   RO         3042    i.timer_list_insert  app_timer.o
    0x0002b884   0x0002b884   0x00000060   Code   RO         3043    i.timer_list_remove  app_timer.o
    0x0002b8e4   0x0002b8e4   0x00000048   Code   RO         3044    i.timer_stop_op_schedule  app_timer.o
    0x0002b92c   0x0002b92c   0x00000074   Code   RO         3045    i.timer_timeouts_check  app_timer.o
    0x0002b9a0   0x0002b9a0   0x00000020   Code   RO         2281    i.tx_byte           nrfx_uart.o
    0x0002b9c0   0x0002b9c0   0x0000001a   Code   RO         2282    i.tx_done_event     nrfx_uart.o
    0x0002b9da   0x0002b9da   0x00000002   PAD
    0x0002b9dc   0x0002b9dc   0x00000084   Code   RO           29    i.uart_event_handle  main.o
    0x0002ba60   0x0002ba60   0x000000a0   Code   RO         3198    i.uart_event_handler  app_uart_fifo.o
    0x0002bb00   0x0002bb00   0x00000030   Code   RO         1716    i.uart_evt_handler  nrf_drv_uart.o
    0x0002bb30   0x0002bb30   0x00000128   Code   RO         2283    i.uart_irq_handler  nrfx_uart.o
    0x0002bc58   0x0002bc58   0x00000030   Code   RO         1717    i.uarte_evt_handler  nrf_drv_uart.o
    0x0002bc88   0x0002bc88   0x000000f4   Code   RO         2469    i.uarte_irq_handler  nrfx_uarte.o
    0x0002bd7c   0x0002bd7c   0x0000000a   Code   RO          852    i.uint16_encode     ble_advdata.o
    0x0002bd86   0x0002bd86   0x00000002   PAD
    0x0002bd88   0x0002bd88   0x000000b4   Code   RO         3741    i.unsigned_print    nrf_fprintf_format.o
    0x0002be3c   0x0002be3c   0x00000068   Code   RO         1051    i.update_timeout_handler  ble_conn_params.o
    0x0002bea4   0x0002bea4   0x00000018   Code   RO          959    i.use_whitelist     ble_advertising.o
    0x0002bebc   0x0002bebc   0x00000024   Code   RO         1467    i.user_mem_reply    nrf_ble_qwr.o
    0x0002bee0   0x0002bee0   0x00000030   Code   RO         3046    i.user_op_alloc     app_timer.o
    0x0002bf10   0x0002bf10   0x00000030   Code   RO          853    i.uuid_list_encode  ble_advdata.o
    0x0002bf40   0x0002bf40   0x0000009e   Code   RO          854    i.uuid_list_sized_encode  ble_advdata.o
    0x0002bfde   0x0002bfde   0x0000003a   Code   RO          628    i.wakeup_button_cfg  bsp.o
    0x0002c018   0x0002c018   0x00000008   PAD
    0x0002c020   0x0002c020   0x00000030   Data   RO           31    .constdata          main.o
    0x0002c050   0x0002c050   0x00000008   Data   RO          492    .constdata          boards.o
    0x0002c058   0x0002c058   0x0000002c   Data   RO          633    .constdata          bsp.o
    0x0002c084   0x0002c084   0x00000016   Data   RO         1373    .constdata          nrf_ble_gatt.o
    0x0002c09a   0x0002c09a   0x00000002   PAD
    0x0002c09c   0x0002c09c   0x00000010   Data   RO         1511    .constdata          ble_nus.o
    0x0002c0ac   0x0002c0ac   0x00000004   Data   RO         1942    .constdata          nrfx_gpiote.o
    0x0002c0b0   0x0002c0b0   0x00000004   Data   RO         2286    .constdata          nrfx_uart.o
    0x0002c0b4   0x0002c0b4   0x00000004   Data   RO         2472    .constdata          nrfx_uarte.o
    0x0002c0b8   0x0002c0b8   0x00000008   PAD
    0x0002c0c0   0x0002c0c0   0x00000006   Data   RO         3048    .constdata          app_timer.o
    0x0002c0c6   0x0002c0c6   0x00000002   PAD
    0x0002c0c8   0x0002c0c8   0x00000020   Data   RO         3200    .constdata          app_uart_fifo.o
    0x0002c0e8   0x0002c0e8   0x00000010   Data   RO         3742    .constdata          nrf_fprintf_format.o
    0x0002c0f8   0x0002c0f8   0x00000018   Data   RO         3862    .constdata          nrf_pwr_mgmt.o
    0x0002c110   0x0002c110   0x0000000c   Data   RO         3863    .constdata          nrf_pwr_mgmt.o
    0x0002c11c   0x0002c11c   0x0000013c   Data   RO         4029    .constdata          nrf_strerror.o
    0x0002c258   0x0002c258   0x0000000c   Data   RO         4104    .constdata          nrf_log_backend_rtt.o
    0x0002c264   0x0002c264   0x0000000c   PAD
    0x0002c270   0x0002c270   0x00000006   Data   RO         4105    .constdata          nrf_log_backend_rtt.o
    0x0002c276   0x0002c276   0x00000002   PAD
    0x0002c278   0x0002c278   0x0000000c   Data   RO         4267    .constdata          nrf_log_frontend.o
    0x0002c284   0x0002c284   0x00000010   Data   RO         4747    .constdata          nrf_sdh.o
    0x0002c294   0x0002c294   0x00000028   Data   RO         4748    .constdata          nrf_sdh.o
    0x0002c2bc   0x0002c2bc   0x00000010   Data   RO         4749    .constdata          nrf_sdh.o
    0x0002c2cc   0x0002c2cc   0x00000010   Data   RO         4750    .constdata          nrf_sdh.o
    0x0002c2dc   0x0002c2dc   0x00000020   Data   RO         4858    .constdata          nrf_sdh_ble.o
    0x0002c2fc   0x0002c2fc   0x00000010   Data   RO         4859    .constdata          nrf_sdh_ble.o
    0x0002c30c   0x0002c30c   0x00000010   Data   RO         4909    .constdata          nrf_sdh_soc.o
    0x0002c31c   0x0002c31c   0x0000000c   Data   RO         4910    .constdata          nrf_sdh_soc.o
    0x0002c328   0x0002c328   0x00000081   Data   RO         4995    .constdata          mc_w.l(ctype_o.o)
    0x0002c3a9   0x0002c3a9   0x00000003   PAD
    0x0002c3ac   0x0002c3ac   0x00000004   Data   RO         4996    .constdata          mc_w.l(ctype_o.o)
    0x0002c3b0   0x0002c3b0   0x000000a2   Data   RO         1374    .conststring        nrf_ble_gatt.o
    0x0002c452   0x0002c452   0x00000002   PAD
    0x0002c454   0x0002c454   0x000003eb   Data   RO         4030    .conststring        nrf_strerror.o
    0x0002c83f   0x0002c83f   0x00000001   PAD
    0x0002c840   0x0002c840   0x00000066   Data   RO         4428    .conststring        nrf_log_str_formatter.o
    0x0002c8a6   0x0002c8a6   0x00000002   PAD
    0x0002c8a8   0x0002c8a8   0x000001cf   Data   RO         4860    .conststring        nrf_sdh_ble.o
    0x0002ca77   0x0002ca77   0x00000001   PAD
    0x0002ca78   0x0002ca78   0x0000000d   Data   RO         1375    .conststrlit        nrf_ble_gatt.o
    0x0002ca85   0x0002ca85   0x00000003   PAD
    0x0002ca88   0x0002ca88   0x00000008   Data   RO         1512    .conststrlit        ble_nus.o
    0x0002ca90   0x0002ca90   0x00000006   Data   RO         1591    .conststrlit        nrf_drv_clock.o
    0x0002ca96   0x0002ca96   0x00000002   PAD
    0x0002ca98   0x0002ca98   0x00000006   Data   RO         1784    .conststrlit        nrfx_clock.o
    0x0002ca9e   0x0002ca9e   0x00000002   PAD
    0x0002caa0   0x0002caa0   0x00000007   Data   RO         1946    .conststrlit        nrfx_gpiote.o
    0x0002caa7   0x0002caa7   0x00000001   PAD
    0x0002caa8   0x0002caa8   0x00000004   Data   RO         2209    .conststrlit        nrfx_prs.o
    0x0002caac   0x0002caac   0x00000005   Data   RO         2289    .conststrlit        nrfx_uart.o
    0x0002cab1   0x0002cab1   0x00000003   PAD
    0x0002cab4   0x0002cab4   0x00000006   Data   RO         2475    .conststrlit        nrfx_uarte.o
    0x0002caba   0x0002caba   0x00000002   PAD
    0x0002cabc   0x0002cabc   0x00000006   Data   RO         2622    .conststrlit        nrfx_timer.o
    0x0002cac2   0x0002cac2   0x00000002   PAD
    0x0002cac4   0x0002cac4   0x00000009   Data   RO         3864    .conststrlit        nrf_pwr_mgmt.o
    0x0002cacd   0x0002cacd   0x00000003   PAD
    0x0002cad0   0x0002cad0   0x00000010   Data   RO         4202    .conststrlit        nrf_log_default_backends.o
    0x0002cae0   0x0002cae0   0x00000004   Data   RO         4268    .conststrlit        nrf_log_frontend.o
    0x0002cae4   0x0002cae4   0x00000008   Data   RO         4751    .conststrlit        nrf_sdh.o
    0x0002caec   0x0002caec   0x0000000c   Data   RO         4861    .conststrlit        nrf_sdh_ble.o
    0x0002caf8   0x0002caf8   0x0000000c   Data   RO         4911    .conststrlit        nrf_sdh_soc.o
    0x0002cb04   0x0002cb04   0x00000020   Data   RO         5329    Region$$Table       anon$$obj.o
    0x0002cb24   0x0002cb24   0x00000010   Data   RO         4204    log_backends        nrf_log_default_backends.o
    0x0002cb34   0x0002cb34   0x00000008   Data   RO         1376    log_const_data      nrf_ble_gatt.o
    0x0002cb3c   0x0002cb3c   0x00000008   Data   RO         1513    log_const_data      ble_nus.o
    0x0002cb44   0x0002cb44   0x00000008   Data   RO         1592    log_const_data      nrf_drv_clock.o
    0x0002cb4c   0x0002cb4c   0x00000008   Data   RO         1786    log_const_data      nrfx_clock.o
    0x0002cb54   0x0002cb54   0x00000008   Data   RO         1947    log_const_data      nrfx_gpiote.o
    0x0002cb5c   0x0002cb5c   0x00000008   Data   RO         2211    log_const_data      nrfx_prs.o
    0x0002cb64   0x0002cb64   0x00000008   Data   RO         2290    log_const_data      nrfx_uart.o
    0x0002cb6c   0x0002cb6c   0x00000008   Data   RO         2476    log_const_data      nrfx_uarte.o
    0x0002cb74   0x0002cb74   0x00000008   Data   RO         2623    log_const_data      nrfx_timer.o
    0x0002cb7c   0x0002cb7c   0x00000008   Data   RO         3866    log_const_data      nrf_pwr_mgmt.o
    0x0002cb84   0x0002cb84   0x00000008   Data   RO         4271    log_const_data      nrf_log_frontend.o
    0x0002cb8c   0x0002cb8c   0x00000008   Data   RO         4753    log_const_data      nrf_sdh.o
    0x0002cb94   0x0002cb94   0x00000008   Data   RO         4863    log_const_data      nrf_sdh_ble.o
    0x0002cb9c   0x0002cb9c   0x00000008   Data   RO         4912    log_const_data      nrf_sdh_soc.o
    0x0002cba4   0x0002cba4   0x00000014   Data   RO         4272    nrf_balloc          nrf_log_frontend.o
    0x0002cbb8   0x0002cbb8   0x00000008   Data   RO         1138    sdh_ble_observers0  ble_conn_state.o
    0x0002cbc0   0x0002cbc0   0x00000010   Data   RO           35    sdh_ble_observers1  main.o
    0x0002cbd0   0x0002cbd0   0x00000008   Data   RO          736    sdh_ble_observers1  bsp_btn_ble.o
    0x0002cbd8   0x0002cbd8   0x00000008   Data   RO         1054    sdh_ble_observers1  ble_conn_params.o
    0x0002cbe0   0x0002cbe0   0x00000010   Data   RO           36    sdh_ble_observers2  main.o
    0x0002cbf0   0x0002cbf0   0x00000008   Data   RO           37    sdh_ble_observers3  main.o
    0x0002cbf8   0x0002cbf8   0x00000008   Data   RO         1593    sdh_soc_observers0  nrf_drv_clock.o
    0x0002cc00   0x0002cc00   0x00000008   Data   RO           38    sdh_soc_observers1  main.o
    0x0002cc08   0x0002cc08   0x00000008   Data   RO         4864    sdh_stack_observers0  nrf_sdh_ble.o
    0x0002cc10   0x0002cc10   0x00000008   Data   RO         4913    sdh_stack_observers0  nrf_sdh_soc.o
    0x0002cc18   0x0002cc18   0x00000008   Data   RO         1594    sdh_state_observers0  nrf_drv_clock.o


    Execution Region RW_IRAM1 (Exec base: 0x20002a98, Load base: 0x0002cc20, Size: 0x00003230, Max: 0x0000d568, ABSOLUTE)

    Exec Addr    Load Addr    Size         Type   Attr      Idx    E Section Name        Object

    0x20002a98   0x0002cc20   0x00000008   Data   RW           32    .data               main.o
    0x20002aa0   0x0002cc28   0x00000030   Data   RW           33    .data               main.o
    0x20002ad0   0x0002cc58   0x00000004   Data   RW           34    .data               main.o
    0x20002ad4   0x0002cc5c   0x00000010   Data   RW          634    .data               bsp.o
    0x20002ae4   0x0002cc6c   0x00000008   Data   RW          735    .data               bsp_btn_ble.o
    0x20002aec   0x0002cc74   0x00000008   Data   RW         1053    .data               ble_conn_params.o
    0x20002af4   0x0002cc7c   0x0000000c   Data   RW         1718    .data               nrf_drv_uart.o
    0x20002b00   0x0002cc88   0x00000008   Data   RW         1785    .data               nrfx_clock.o
    0x20002b08   0x0002cc90   0x00000008   Data   RW         2210    .data               nrfx_prs.o
    0x20002b10   0x0002cc98   0x00000014   Data   RW         3049    .data               app_timer.o
    0x20002b24   0x0002ccac   0x0000001c   Data   RW         3201    .data               app_uart_fifo.o
    0x20002b40   0x0002ccc8   0x00000008   Data   RW         3865    .data               nrf_pwr_mgmt.o
    0x20002b48   0x0002ccd0   0x00000004   Data   RW         4062    .data               retarget.o
    0x20002b4c   0x0002ccd4   0x00000001   Data   RW         4106    .data               nrf_log_backend_rtt.o
    0x20002b4d   0x0002ccd5   0x00000003   PAD
    0x20002b50   0x0002ccd8   0x00000008   Data   RW         4203    .data               nrf_log_default_backends.o
    0x20002b58   0x0002cce0   0x00000008   Data   RW         4269    .data               nrf_log_frontend.o
    0x20002b60   0x0002cce8   0x00000008   Data   RW         4270    .data               nrf_log_frontend.o
    0x20002b68   0x0002ccf0   0x00000040   Data   RW         4429    .data               nrf_log_str_formatter.o
    0x20002ba8   0x0002cd30   0x00000003   Data   RW         4752    .data               nrf_sdh.o
    0x20002bab   0x0002cd33   0x00000001   Data   RW         4862    .data               nrf_sdh_ble.o
    0x20002bac   0x0002cd34   0x00000004   Data   RW         4952    .data               system_nrf52.o
    0x20002bb0        -       0x0000056c   Zero   RW           30    .bss                main.o
    0x2000311c        -       0x00000020   Zero   RW          629    .bss                bsp.o
    0x2000313c        -       0x00000020   Zero   RW          630    .bss                bsp.o
    0x2000315c        -       0x0000000c   Zero   RW          631    .bss                bsp.o
    0x20003168        -       0x00000020   Zero   RW          632    .bss                bsp.o
    0x20003188        -       0x00000050   Zero   RW         1052    .bss                ble_conn_params.o
    0x200031d8        -       0x00000078   Zero   RW         1137    .bss                ble_conn_state.o
    0x20003250        -       0x00000014   Zero   RW         1586    .bss                nrf_drv_clock.o
    0x20003264        -       0x0000005c   Zero   RW         1941    .bss                nrfx_gpiote.o
    0x200032c0        -       0x0000002c   Zero   RW         2284    .bss                nrfx_uart.o
    0x200032ec        -       0x00000024   Zero   RW         2470    .bss                nrfx_uarte.o
    0x20003310        -       0x0000000c   Zero   RW         2620    .bss                nrfx_timer.o
    0x2000331c        -       0x00000020   Zero   RW         2800    .bss                app_error.o
    0x2000333c        -       0x0000010c   Zero   RW         3047    .bss                app_timer.o
    0x20003448        -       0x00000020   Zero   RW         3199    .bss                app_uart_fifo.o
    0x20003468        -       0x0000000c   Zero   RW         3280    .bss                app_util_platform.o
    0x20003474        -       0x0000000c   Zero   RW         3861    .bss                nrf_pwr_mgmt.o
    0x20003480        -       0x00000040   Zero   RW         4103    .bss                nrf_log_backend_rtt.o
    0x200034c0        -       0x000000c0   Zero   RW         4263    .bss                nrf_log_frontend.o
    0x20003580        -       0x00000080   Zero   RW         4264    .bss                nrf_log_frontend.o
    0x20003600        -       0x00000018   Zero   RW         4265    .bss                nrf_log_frontend.o
    0x20003618        -       0x00000424   Zero   RW         4266    .bss                nrf_log_frontend.o
    0x20003a3c        -       0x00000288   Zero   RW         4505    .bss                segger_rtt.o
    0x20003cc4   0x0002cd38   0x00000004   PAD
    0x20003cc8        -       0x00002000   Zero   RW         4940    STACK               arm_startup_nrf52.o


==============================================================================

Image component sizes


      Code (inc. data)   RO Data    RW Data    ZI Data      Debug   Object Name

       100          4          0          0         32       3374   app_error.o
        26          0          0          0          0        564   app_error_handler_keil.o
       356        192          0          0          0       4866   app_error_weak.o
       118          0          0          0          0       4950   app_fifo.o
      1510        118          6         20        268      48271   app_timer.o
       588        120         32         28         32      21134   app_uart_fifo.o
       124         14          0          0         12       9550   app_util_platform.o
        36          8        512          0       8192        920   arm_startup_nrf52.o
      1324          0          0          0          0      52740   ble_advdata.o
      1036          6          0          0          0      10056   ble_advertising.o
       636         44          8          8         80       9175   ble_conn_params.o
       424         70          8          0        120       6839   ble_conn_state.o
        72          0          0          0          0       1636   ble_link_ctx_manager.o
       808          6         32          0          0       8072   ble_nus.o
       456          6          0          0          0       3339   ble_srv_common.o
       206         32          8          0          0      45145   boards.o
       804         60         44         16        108      12084   bsp.o
       196          6          8          8          0       3905   bsp_btn_ble.o
      2256        488         96         60       1388     199903   main.o
        64          0          0          0          0       2932   nrf_atflags.o
       306          0          0          0          0       7951   nrf_atomic.o
       164          0          0          0          0       3600   nrf_balloc.o
       950        272        205          0          0      37137   nrf_ble_gatt.o
       276          0          0          0          0       4653   nrf_ble_qwr.o
       276         34         30          0         20      37620   nrf_drv_clock.o
       200         26          0         12          0      17788   nrf_drv_uart.o
        50          0          0          0          0       3497   nrf_fprintf.o
       850          4         16          0          0       5438   nrf_fprintf_format.o
       112         18         18          1         64       6057   nrf_log_backend_rtt.o
       200          0          0          0          0      10821   nrf_log_backend_serial.o
        28          4         32          8          0       3305   nrf_log_default_backends.o
      1502        114         44         16       1404      30363   nrf_log_frontend.o
       566        108        102         64          0       5580   nrf_log_str_formatter.o
       346          0          0          0          0       9499   nrf_memobj.o
       108         16         53          8         12      36318   nrf_pwr_mgmt.o
        28          0          0          0          0       2339   nrf_ringbuf.o
       448        106        104          3          0      39139   nrf_sdh.o
       796        296        539          1          0       5881   nrf_sdh_ble.o
       128         68         56          0          0       2448   nrf_sdh_soc.o
        78          0          0          0          0       2752   nrf_section_iter.o
        76         10       1319          0          0       2711   nrf_strerror.o
       226         30         14          8          0      41246   nrfx_clock.o
       518         30         19          0         92      19511   nrfx_gpiote.o
        94         16         12          8          0       3721   nrfx_prs.o
       412         18         14          0         12      14396   nrfx_timer.o
      1362         36         17          0         44      31113   nrfx_uart.o
      1200         38         18          0         36      23643   nrfx_uarte.o
        14          0          0          4          0       2850   retarget.o
       378         34          0          0        648       8921   segger_rtt.o
       796         70          0          4          0      29526   system_nrf52.o

    ----------------------------------------------------------------------
     23686       2522       3448        280      12568     899279   Object Totals
         0          0         32          0          0          0   (incl. Generated)
        58          0         50          3          4          0   (incl. Padding)

    ----------------------------------------------------------------------

      Code (inc. data)   RO Data    RW Data    ZI Data      Debug   Library Member Name

         8          4        133          0          0         68   ctype_o.o
         0          0          0          0          0          0   entry.o
         0          0          0          0          0          0   entry10a.o
         0          0          0          0          0          0   entry11a.o
         8          4          0          0          0          0   entry2.o
         4          0          0          0          0          0   entry5.o
         0          0          0          0          0          0   entry7b.o
         0          0          0          0          0          0   entry8b.o
         8          4          0          0          0          0   entry9a.o
        30          0          0          0          0          0   handlers.o
        36          8          0          0          0         68   init.o
        30          0          0          0          0         68   llshl.o
        32          0          0          0          0         68   llushr.o
        36          0          0          0          0         68   memcpya.o
        36          0          0          0          0        108   memseta.o
        50          8          0          0          0        152   printfb.o
        18          0          0          0          0         68   strcpy.o
        14          0          0          0          0         68   strlen.o
        98          0          0          0          0         92   uldiv.o

    ----------------------------------------------------------------------
       410         28        136          0          0        828   Library Totals
         2          0          3          0          0          0   (incl. Padding)

    ----------------------------------------------------------------------

      Code (inc. data)   RO Data    RW Data    ZI Data      Debug   Library Name

       408         28        133          0          0        828   mc_w.l

    ----------------------------------------------------------------------
       410         28        136          0          0        828   Library Totals

    ----------------------------------------------------------------------

==============================================================================


      Code (inc. data)   RO Data    RW Data    ZI Data      Debug   

     24096       2550       3584        280      12568     872299   Grand Totals
     24096       2550       3584        280      12568     872299   ELF Image Totals
     24096       2550       3584        280          0          0   ROM Totals

==============================================================================

    Total RO  Size (Code + RO Data)                27680 (  27.03kB)
    Total RW  Size (RW Data + ZI Data)             12848 (  12.55kB)
    Total ROM Size (Code + RO Data + RW Data)      27960 (  27.30kB)

==============================================================================

